Component: ARM Compiler 5.06 update 6 (build 750) Tool: armlink [4d35ed]

==============================================================================

Section Cross References

    startup_stm32f103xb.o(RESET) refers to startup_stm32f103xb.o(STACK) for __initial_sp
    startup_stm32f103xb.o(RESET) refers to startup_stm32f103xb.o(.text) for Reset_Handler
    startup_stm32f103xb.o(RESET) refers to stm32f1xx_it.o(i.NMI_Handler) for NMI_Handler
    startup_stm32f103xb.o(RESET) refers to stm32f1xx_it.o(i.HardFault_Handler) for HardFault_Handler
    startup_stm32f103xb.o(RESET) refers to stm32f1xx_it.o(i.MemManage_Handler) for MemManage_Handler
    startup_stm32f103xb.o(RESET) refers to stm32f1xx_it.o(i.BusFault_Handler) for BusFault_Handler
    startup_stm32f103xb.o(RESET) refers to stm32f1xx_it.o(i.UsageFault_Handler) for UsageFault_Handler
    startup_stm32f103xb.o(RESET) refers to port.o(.emb_text) for SVC_Handler
    startup_stm32f103xb.o(RESET) refers to stm32f1xx_it.o(i.DebugMon_Handler) for DebugMon_Handler
    startup_stm32f103xb.o(RESET) refers to port.o(i.SysTick_Handler) for SysTick_Handler
    startup_stm32f103xb.o(RESET) refers to stm32f1xx_it.o(i.DMA1_Channel5_IRQHandler) for DMA1_Channel5_IRQHandler
    startup_stm32f103xb.o(RESET) refers to stm32f1xx_it.o(i.TIM4_IRQHandler) for TIM4_IRQHandler
    startup_stm32f103xb.o(RESET) refers to stm32f1xx_it.o(i.USART1_IRQHandler) for USART1_IRQHandler
    startup_stm32f103xb.o(RESET) refers to stm32f1xx_it.o(i.USART2_IRQHandler) for USART2_IRQHandler
    startup_stm32f103xb.o(.text) refers to system_stm32f1xx.o(i.SystemInit) for SystemInit
    startup_stm32f103xb.o(.text) refers to entry.o(.ARM.Collect$$$$00000000) for __main
    user_main.o(i.User_Interrupt) refers to blood.o(i.blood_Interrupt) for blood_Interrupt
    user_main.o(i.User_Loop) refers to blood.o(i.blood_Loop) for blood_Loop
    user_main.o(i.User_Setup) refers to stm32f1xx_hal_tim.o(i.HAL_TIM_PWM_Start) for HAL_TIM_PWM_Start
    user_main.o(i.User_Setup) refers to st7735.o(i.Lcd_Init) for Lcd_Init
    user_main.o(i.User_Setup) refers to st7735.o(i.Lcd_Clear) for Lcd_Clear
    user_main.o(i.User_Setup) refers to usart.o(i.MX_USART1_UART_Init) for MX_USART1_UART_Init
    user_main.o(i.User_Setup) refers to max30100.o(i.max30100_init) for max30100_init
    user_main.o(i.User_Setup) refers to blood.o(i.blood_Setup) for blood_Setup
    user_main.o(i.User_Setup) refers to ds18b20.o(i.DS18B20_Init) for DS18B20_Init
    user_main.o(i.User_Setup) refers to tim.o(.bss) for htim2
    gui.o(i.Gui_Circle) refers to st7735.o(i.Gui_DrawPoint) for Gui_DrawPoint
    gui.o(i.Gui_DrawFont_GBK16) refers to st7735.o(i.Gui_DrawPoint) for Gui_DrawPoint
    gui.o(i.Gui_DrawFont_GBK16) refers to gui.o(.constdata) for asc16
    gui.o(i.Gui_DrawFont_GBK24) refers to st7735.o(i.Gui_DrawPoint) for Gui_DrawPoint
    gui.o(i.Gui_DrawFont_GBK24) refers to gui.o(.constdata) for asc16
    gui.o(i.Gui_DrawFont_Num32) refers to st7735.o(i.Gui_DrawPoint) for Gui_DrawPoint
    gui.o(i.Gui_DrawFont_Num32) refers to gui.o(.constdata) for sz32
    gui.o(i.Gui_DrawLine) refers to st7735.o(i.Lcd_SetXY) for Lcd_SetXY
    gui.o(i.Gui_DrawLine) refers to st7735.o(i.Gui_DrawPoint) for Gui_DrawPoint
    gui.o(i.gui_draw_Block) refers to gui.o(i.Gui_DrawLine) for Gui_DrawLine
    gui.o(i.gui_draw_Block) refers to st7735.o(i.Lcd_Block) for Lcd_Block
    gui.o(i.gui_draw_square) refers to gui.o(i.Gui_DrawLine) for Gui_DrawLine
    algorithm.o(i.EE) refers to fmul.o(.text) for __aeabi_fmul
    algorithm.o(i.EE) refers to fadd.o(.text) for __aeabi_fsub
    algorithm.o(i.FFT) refers to dflti.o(.text) for __aeabi_i2d
    algorithm.o(i.FFT) refers to ddiv.o(.text) for __aeabi_ddiv
    algorithm.o(i.FFT) refers to algorithm.o(i.XCos) for XCos
    algorithm.o(i.FFT) refers to d2f.o(.text) for __aeabi_d2f
    algorithm.o(i.FFT) refers to algorithm.o(i.XSin) for XSin
    algorithm.o(i.FFT) refers to algorithm.o(i.EE) for EE
    algorithm.o(i.FFT) refers to fadd.o(.text) for __aeabi_fsub
    algorithm.o(i.XCos) refers to dadd.o(.text) for __aeabi_dadd
    algorithm.o(i.XCos) refers to algorithm.o(i.XSin) for XSin
    algorithm.o(i.XSin) refers to cdcmple.o(.text) for __aeabi_cdcmple
    algorithm.o(i.XSin) refers to algorithm.o(i.my_fmod) for my_fmod
    algorithm.o(i.XSin) refers to cdrcmple.o(.text) for __aeabi_cdrcmple
    algorithm.o(i.XSin) refers to dadd.o(.text) for __aeabi_dsub
    algorithm.o(i.XSin) refers to ddiv.o(.text) for __aeabi_ddiv
    algorithm.o(i.XSin) refers to dfixi.o(.text) for __aeabi_d2iz
    algorithm.o(i.XSin) refers to dflti.o(.text) for __aeabi_i2d
    algorithm.o(i.XSin) refers to dmul.o(.text) for __aeabi_dmul
    algorithm.o(i.XSin) refers to algorithm.o(.constdata) for XSinTbl
    algorithm.o(i.bw_filter) refers to f2d.o(.text) for __aeabi_f2d
    algorithm.o(i.bw_filter) refers to dmul.o(.text) for __aeabi_dmul
    algorithm.o(i.bw_filter) refers to dflti.o(.text) for __aeabi_i2d
[...]
    i.HAL_Delay                              0x08001768   Section        0  stm32f1xx_hal.o(i.HAL_Delay)
    i.HAL_GPIO_Init                          0x08001790   Section        0  stm32f1xx_hal_gpio.o(i.HAL_GPIO_Init)
    i.HAL_GPIO_ReadPin                       0x08001ab0   Section        0  stm32f1xx_hal_gpio.o(i.HAL_GPIO_ReadPin)
    i.HAL_GPIO_WritePin                      0x08001ac0   Section        0  stm32f1xx_hal_gpio.o(i.HAL_GPIO_WritePin)
    i.HAL_GetTick                            0x08001acc   Section        0  stm32f1xx_hal.o(i.HAL_GetTick)
    i.HAL_IncTick                            0x08001ad8   Section        0  stm32f1xx_hal.o(i.HAL_IncTick)
    i.HAL_Init                               0x08001af0   Section        0  stm32f1xx_hal.o(i.HAL_Init)
    i.HAL_InitTick                           0x08001b18   Section        0  stm32f1xx_hal_timebase_tim.o(i.HAL_InitTick)
    i.HAL_MspInit                            0x08001ba0   Section        0  stm32f1xx_hal_msp.o(i.HAL_MspInit)
    i.HAL_NVIC_EnableIRQ                     0x08001c00   Section        0  stm32f1xx_hal_cortex.o(i.HAL_NVIC_EnableIRQ)
    i.HAL_NVIC_SetPriority                   0x08001c20   Section        0  stm32f1xx_hal_cortex.o(i.HAL_NVIC_SetPriority)
    i.HAL_NVIC_SetPriorityGrouping           0x08001c9c   Section        0  stm32f1xx_hal_cortex.o(i.HAL_NVIC_SetPriorityGrouping)
    i.HAL_RCCEx_PeriphCLKConfig              0x08001cc4   Section        0  stm32f1xx_hal_rcc_ex.o(i.HAL_RCCEx_PeriphCLKConfig)
    i.HAL_RCC_ClockConfig                    0x08001df4   Section        0  stm32f1xx_hal_rcc.o(i.HAL_RCC_ClockConfig)
    i.HAL_RCC_GetClockConfig                 0x08001f80   Section        0  stm32f1xx_hal_rcc.o(i.HAL_RCC_GetClockConfig)
    i.HAL_RCC_GetHCLKFreq                    0x08001fc4   Section        0  stm32f1xx_hal_rcc.o(i.HAL_RCC_GetHCLKFreq)
    i.HAL_RCC_GetPCLK1Freq                   0x08001fd0   Section        0  stm32f1xx_hal_rcc.o(i.HAL_RCC_GetPCLK1Freq)
    i.HAL_RCC_GetPCLK2Freq                   0x08001ff0   Section        0  stm32f1xx_hal_rcc.o(i.HAL_RCC_GetPCLK2Freq)
    i.HAL_RCC_GetSysClockFreq                0x08002010   Section        0  stm32f1xx_hal_rcc.o(i.HAL_RCC_GetSysClockFreq)
    i.HAL_RCC_OscConfig                      0x080020a4   Section        0  stm32f1xx_hal_rcc.o(i.HAL_RCC_OscConfig)
    i.HAL_SPI_Init                           0x08002508   Section        0  stm32f1xx_hal_spi.o(i.HAL_SPI_Init)
    i.HAL_SPI_MspInit                        0x08002590   Section        0  spi.o(i.HAL_SPI_MspInit)
    i.HAL_TIMEx_BreakCallback                0x08002644   Section        0  stm32f1xx_hal_tim_ex.o(i.HAL_TIMEx_BreakCallback)
    i.HAL_TIMEx_CommutCallback               0x08002646   Section        0  stm32f1xx_hal_tim_ex.o(i.HAL_TIMEx_CommutCallback)
    i.HAL_TIMEx_MasterConfigSynchronization  0x08002648   Section        0  stm32f1xx_hal_tim_ex.o(i.HAL_TIMEx_MasterConfigSynchronization)
    i.HAL_TIM_Base_Init                      0x0800269c   Section        0  stm32f1xx_hal_tim.o(i.HAL_TIM_Base_Init)
    i.HAL_TIM_Base_MspInit                   0x080026d0   Section        0  tim.o(i.HAL_TIM_Base_MspInit)
    i.HAL_TIM_Base_Start_IT                  0x080026fc   Section        0  stm32f1xx_hal_tim.o(i.HAL_TIM_Base_Start_IT)
    i.HAL_TIM_ConfigClockSource              0x08002726   Section        0  stm32f1xx_hal_tim.o(i.HAL_TIM_ConfigClockSource)
    i.HAL_TIM_IC_CaptureCallback             0x0800282e   Section        0  stm32f1xx_hal_tim.o(i.HAL_TIM_IC_CaptureCallback)
    i.HAL_TIM_IRQHandler                     0x08002830   Section        0  stm32f1xx_hal_tim.o(i.HAL_TIM_IRQHandler)
    i.HAL_TIM_MspPostInit                    0x080029c8   Section        0  tim.o(i.HAL_TIM_MspPostInit)
    i.HAL_TIM_OC_DelayElapsedCallback        0x08002a68   Section        0  stm32f1xx_hal_tim.o(i.HAL_TIM_OC_DelayElapsedCallback)
    i.HAL_TIM_PWM_ConfigChannel              0x08002a6a   Section        0  stm32f1xx_hal_tim.o(i.HAL_TIM_PWM_ConfigChannel)
    i.HAL_TIM_PWM_Init                       0x08002b72   Section        0  stm32f1xx_hal_tim.o(i.HAL_TIM_PWM_Init)
    i.HAL_TIM_PWM_MspInit                    0x08002ba6   Section        0  stm32f1xx_hal_tim.o(i.HAL_TIM_PWM_MspInit)
    i.HAL_TIM_PWM_PulseFinishedCallback      0x08002ba8   Section        0  stm32f1xx_hal_tim.o(i.HAL_TIM_PWM_PulseFinishedCallback)
    i.HAL_TIM_PWM_Start                      0x08002bac   Section        0  stm32f1xx_hal_tim.o(i.HAL_TIM_PWM_Start)
    i.HAL_TIM_PeriodElapsedCallback          0x08002bf8   Section        0  main.o(i.HAL_TIM_PeriodElapsedCallback)
    i.HAL_TIM_TriggerCallback                0x08002c10   Section        0  stm32f1xx_hal_tim.o(i.HAL_TIM_TriggerCallback)
    i.HAL_UART_ErrorCallback                 0x08002c12   Section        0  stm32f1xx_hal_uart.o(i.HAL_UART_ErrorCallback)
    i.HAL_UART_IRQHandler                    0x08002c14   Section        0  stm32f1xx_hal_uart.o(i.HAL_UART_IRQHandler)
    i.HAL_UART_Init                          0x08002d60   Section        0  stm32f1xx_hal_uart.o(i.HAL_UART_Init)
    i.HAL_UART_MspInit                       0x08002dd4   Section        0  usart.o(i.HAL_UART_MspInit)
    i.HAL_UART_RxCpltCallback                0x08002ee4   Section        0  stm32f1xx_hal_uart.o(i.HAL_UART_RxCpltCallback)
    i.HAL_UART_Transmit                      0x08002ee6   Section        0  stm32f1xx_hal_uart.o(i.HAL_UART_Transmit)
    i.HAL_UART_TxCpltCallback                0x08002fbc   Section        0  stm32f1xx_hal_uart.o(i.HAL_UART_TxCpltCallback)
    i.HardFault_Handler                      0x08002fbe   Section        0  stm32f1xx_it.o(i.HardFault_Handler)
    i.I2C_Ack                                0x08002fc4   Section        0  iiccom.o(i.I2C_Ack)
    i.I2C_NoAck                              0x08003004   Section        0  iiccom.o(i.I2C_NoAck)
    i.I2C_RadeByte                           0x08003044   Section        0  iiccom.o(i.I2C_RadeByte)
    i.I2C_SendByte                           0x080030a0   Section        0  iiccom.o(i.I2C_SendByte)
    i.I2C_Start                              0x08003104   Section        0  iiccom.o(i.I2C_Start)
    i.I2C_Stop                               0x08003160   Section        0  iiccom.o(i.I2C_Stop)
    i.I2C_WaitAck                            0x080031a0   Section        0  iiccom.o(i.I2C_WaitAck)
    i.I2C_delay                              0x080031f4   Section        0  iiccom.o(i.I2C_delay)
    i.LCD_WriteData_16Bit                    0x08003204   Section        0  st7735.o(i.LCD_WriteData_16Bit)
    i.Lcd_Block                              0x08003224   Section        0  st7735.o(i.Lcd_Block)
    i.Lcd_Clear                              0x0800328e   Section        0  st7735.o(i.Lcd_Clear)
    i.Lcd_Init                               0x080032c0   Section        0  st7735.o(i.Lcd_Init)
    i.Lcd_SetRegion                          0x08003534   Section        0  st7735.o(i.Lcd_SetRegion)
    i.Lcd_SetXY                              0x0800358a   Section        0  st7735.o(i.Lcd_SetXY)
    i.Lcd_WriteData                          0x080035a0   Section        0  st7735.o(i.Lcd_WriteData)
    i.Lcd_WriteIndex                         0x080035b8   Section        0  st7735.o(i.Lcd_WriteIndex)
    i.Led_Control                            0x080035d0   Section        0  beep.o(i.Led_Control)
    i.Led_beep_update                        0x080035fc   Section        0  blood.o(i.Led_beep_update)
    i.MX_ADC1_Init                           0x08003724   Section        0  adc.o(i.MX_ADC1_Init)
    i.MX_DMA_Init                            0x08003780   Section        0  dma.o(i.MX_DMA_Init)
    i.MX_GPIO_Init                           0x080037b4   Section        0  gpio.o(i.MX_GPIO_Init)
    i.MX_SPI2_Init                           0x080038c8   Section        0  spi.o(i.MX_SPI2_Init)
    i.MX_TIM2_Init                           0x08003910   Section        0  tim.o(i.MX_TIM2_Init)
    i.MX_USART1_UART_Init                    0x080039d0   Section        0  usart.o(i.MX_USART1_UART_Init)
    i.MX_USART2_UART_Init                    0x08003a08   Section        0  usart.o(i.MX_USART2_UART_Init)
    i.MemManage_Handler                      0x08003a40   Section        0  stm32f1xx_it.o(i.MemManage_Handler)
    i.NMI_Handler                            0x08003a44   Section        0  stm32f1xx_it.o(i.NMI_Handler)
    i.RCC_Delay                              0x08003a48   Section        0  stm32f1xx_hal_rcc.o(i.RCC_Delay)
    RCC_Delay                                0x08003a49   Thumb Code    36  stm32f1xx_hal_rcc.o(i.RCC_Delay)
    i.SPI_WriteData                          0x08003a70   Section        0  st7735.o(i.SPI_WriteData)
    i.SysTick_Handler                        0x08003ab0   Section        0  port.o(i.SysTick_Handler)
    i.SystemClock_Config                     0x08003ae4   Section        0  main.o(i.SystemClock_Config)
    i.SystemInit                             0x08003b68   Section        0  system_stm32f1xx.o(i.SystemInit)
    i.TIM4_IRQHandler                        0x08003bc0   Section        0  stm32f1xx_it.o(i.TIM4_IRQHandler)
    i.TIM_Base_SetConfig                     0x08003bd4   Section        0  stm32f1xx_hal_tim.o(i.TIM_Base_SetConfig)
    i.TIM_CCxChannelCmd                      0x08003c48   Section        0  stm32f1xx_hal_tim.o(i.TIM_CCxChannelCmd)
    i.TIM_ETR_SetConfig                      0x08003c6a   Section        0  stm32f1xx_hal_tim.o(i.TIM_ETR_SetConfig)
    i.TIM_ITRx_SetConfig                     0x08003c80   Section        0  stm32f1xx_hal_tim.o(i.TIM_ITRx_SetConfig)
    TIM_ITRx_SetConfig                       0x08003c81   Thumb Code    18  stm32f1xx_hal_tim.o(i.TIM_ITRx_SetConfig)
    i.TIM_OC1_SetConfig                      0x08003c94   Section        0  stm32f1xx_hal_tim.o(i.TIM_OC1_SetConfig)
    TIM_OC1_SetConfig                        0x08003c95   Thumb Code    90  stm32f1xx_hal_tim.o(i.TIM_OC1_SetConfig)
    i.TIM_OC2_SetConfig                      0x08003cf4   Section        0  stm32f1xx_hal_tim.o(i.TIM_OC2_SetConfig)
    i.TIM_OC3_SetConfig                      0x08003d5c   Section        0  stm32f1xx_hal_tim.o(i.TIM_OC3_SetConfig)
    TIM_OC3_SetConfig                        0x08003d5d   Thumb Code    98  stm32f1xx_hal_tim.o(i.TIM_OC3_SetConfig)
    i.TIM_OC4_SetConfig                      0x08003dc4   Section        0  stm32f1xx_hal_tim.o(i.TIM_OC4_SetConfig)
    TIM_OC4_SetConfig                        0x08003dc5   Thumb Code    68  stm32f1xx_hal_tim.o(i.TIM_OC4_SetConfig)
    i.TIM_TI1_ConfigInputStage               0x08003e0c   Section        0  stm32f1xx_hal_tim.o(i.TIM_TI1_ConfigInputStage)
    TIM_TI1_ConfigInputStage                 0x08003e0d   Thumb Code    38  stm32f1xx_hal_tim.o(i.TIM_TI1_ConfigInputStage)
    i.TIM_TI2_ConfigInputStage               0x08003e32   Section        0  stm32f1xx_hal_tim.o(i.TIM_TI2_ConfigInputStage)
    TIM_TI2_ConfigInputStage                 0x08003e33   Thumb Code    40  stm32f1xx_hal_tim.o(i.TIM_TI2_ConfigInputStage)
    i.UART_DMAAbortOnError                   0x08003e5a   Section        0  stm32f1xx_hal_uart.o(i.UART_DMAAbortOnError)
    UART_DMAAbortOnError                     0x08003e5b   Thumb Code    20  stm32f1xx_hal_uart.o(i.UART_DMAAbortOnError)
    i.UART_EndRxTransfer                     0x08003e6e   Section        0  stm32f1xx_hal_uart.o(i.UART_EndRxTransfer)
    UART_EndRxTransfer                       0x08003e6f   Thumb Code    32  stm32f1xx_hal_uart.o(i.UART_EndRxTransfer)
    i.UART_EndTransmit_IT                    0x08003e8e   Section        0  stm32f1xx_hal_uart.o(i.UART_EndTransmit_IT)
    UART_EndTransmit_IT                      0x08003e8f   Thumb Code    32  stm32f1xx_hal_uart.o(i.UART_EndTransmit_IT)
    i.UART_Receive_IT                        0x08003eae   Section        0  stm32f1xx_hal_uart.o(i.UART_Receive_IT)
    UART_Receive_IT                          0x08003eaf   Thumb Code   166  stm32f1xx_hal_uart.o(i.UART_Receive_IT)
    i.UART_SetConfig                         0x08003f54   Section        0  stm32f1xx_hal_uart.o(i.UART_SetConfig)
    UART_SetConfig                           0x08003f55   Thumb Code   412  stm32f1xx_hal_uart.o(i.UART_SetConfig)
    i.UART_Transmit_IT                       0x080040f4   Section        0  stm32f1xx_hal_uart.o(i.UART_Transmit_IT)
    UART_Transmit_IT                         0x080040f5   Thumb Code   104  stm32f1xx_hal_uart.o(i.UART_Transmit_IT)
    i.UART_WaitOnFlagUntilTimeout            0x0800415c   Section        0  stm32f1xx_hal_uart.o(i.UART_WaitOnFlagUntilTimeout)
    UART_WaitOnFlagUntilTimeout              0x0800415d   Thumb Code   108  stm32f1xx_hal_uart.o(i.UART_WaitOnFlagUntilTimeout)
    i.USART1_IRQHandler                      0x080041c8   Section        0  stm32f1xx_it.o(i.USART1_IRQHandler)
    i.USART2_IRQHandler                      0x080041d8   Section        0  stm32f1xx_it.o(i.USART2_IRQHandler)
    i.UsageFault_Handler                     0x080041e8   Section        0  stm32f1xx_it.o(i.UsageFault_Handler)
    i.User_Interrupt                         0x080041ec   Section        0  user_main.o(i.User_Interrupt)
    i.User_Loop                              0x080041f4   Section        0  user_main.o(i.User_Loop)
    i.User_Setup                             0x080041fc   Section        0  user_main.o(i.User_Setup)
    i.XCos                                   0x08004238   Section        0  algorithm.o(i.XCos)
    i.XSin                                   0x08004260   Section        0  algorithm.o(i.XSin)
    i.__0printf                              0x08004470   Section        0  printfa.o(i.__0printf)
    i.__0sprintf                             0x08004490   Section        0  printfa.o(i.__0sprintf)
    i.__NVIC_GetPriorityGrouping             0x080044b8   Section        0  stm32f1xx_hal_cortex.o(i.__NVIC_GetPriorityGrouping)
    __NVIC_GetPriorityGrouping               0x080044b9   Thumb Code    10  stm32f1xx_hal_cortex.o(i.__NVIC_GetPriorityGrouping)
    i.__NVIC_SetPriority                     0x080044c8   Section        0  stm32f1xx_hal_cortex.o(i.__NVIC_SetPriority)
    __NVIC_SetPriority                       0x080044c9   Thumb Code    32  stm32f1xx_hal_cortex.o(i.__NVIC_SetPriority)
    i.__scatterload_copy                     0x080044f0   Section       14  handlers.o(i.__scatterload_copy)
    i.__scatterload_null                     0x080044fe   Section        2  handlers.o(i.__scatterload_null)
    i.__scatterload_zeroinit                 0x08004500   Section       14  handlers.o(i.__scatterload_zeroinit)
    i.__set_errno                            0x08004510   Section        0  errno.o(i.__set_errno)
    i._fp_digits                             0x0800451c   Section        0  printfa.o(i._fp_digits)
    _fp_digits                               0x0800451d   Thumb Code   366  printfa.o(i._fp_digits)
    i._printf_core                           0x080046a0   Section        0  printfa.o(i._printf_core)
    _printf_core                             0x080046a1   Thumb Code  1744  printfa.o(i._printf_core)
    i._printf_post_padding                   0x08004d7c   Section        0  printfa.o(i._printf_post_padding)
    _printf_post_padding                     0x08004d7d   Thumb Code    36  printfa.o(i._printf_post_padding)
    i._printf_pre_padding                    0x08004da0   Section        0  printfa.o(i._printf_pre_padding)
    _printf_pre_padding                      0x08004da1   Thumb Code    46  printfa.o(i._printf_pre_padding)
    i._sputc                                 0x08004dce   Section        0  printfa.o(i._sputc)
    _sputc                                   0x08004dcf   Thumb Code    10  printfa.o(i._sputc)
    i.blood_Interrupt                        0x08004dd8   Section        0  blood.o(i.blood_Interrupt)
    i.blood_Loop                             0x08004e18   Section        0  blood.o(i.blood_Loop)
    i.blood_Setup                            0x08004e2c   Section        0  blood.o(i.blood_Setup)
    i.blood_data_translate                   0x08004e4c   Section        0  blood.o(i.blood_data_translate)
    i.blood_data_update                      0x0800507c   Section        0  blood.o(i.blood_data_update)
    i.blood_wave_update                      0x08005134   Section        0  blood.o(i.blood_wave_update)
    i.dc_filter                              0x080052dc   Section        0  algorithm.o(i.dc_filter)
    i.delay_us                               0x08005324   Section        0  ds18b20.o(i.delay_us)
    i.find_max_num_index                     0x08005348   Section        0  algorithm.o(i.find_max_num_index)
    i.fputc                                  0x0800537c   Section        0  usart.o(i.fputc)
    i.gui_draw_Block                         0x0800539c   Section        0  gui.o(i.gui_draw_Block)
    i.gui_draw_square                        0x08005410   Section        0  gui.o(i.gui_draw_square)
    i.main                                   0x0800545a   Section        0  main.o(i.main)
    i.max30100_Bus_Read                      0x0800548a   Section        0  max30100.o(i.max30100_Bus_Read)
    i.max30100_Bus_Write                     0x080054da   Section        0  max30100.o(i.max30100_Bus_Write)
    i.max30100_FIFO_Read                     0x0800551e   Section        0  max30100.o(i.max30100_FIFO_Read)
    i.max30100_init                          0x080055be   Section        0  max30100.o(i.max30100_init)
    i.my_floor                               0x08005602   Section        0  algorithm.o(i.my_floor)
    i.my_fmod                                0x0800564e   Section        0  algorithm.o(i.my_fmod)
    i.prvResetNextTaskUnblockTime            0x080056e8   Section        0  tasks.o(i.prvResetNextTaskUnblockTime)
    prvResetNextTaskUnblockTime              0x080056e9   Thumb Code    42  tasks.o(i.prvResetNextTaskUnblockTime)
    i.set_pwm_value                          0x0800571c   Section        0  beep.o(i.set_pwm_value)
    i.settone                                0x08005738   Section        0  beep.o(i.settone)
    i.sqrtf                                  0x08005760   Section        0  sqrtf.o(i.sqrtf)
    i.tft_display_update                     0x0800578c   Section        0  blood.o(i.tft_display_update)
    i.tft_draw_State                         0x080057c4   Section        0  blood.o(i.tft_draw_State)
    i.tft_draw_frame                         0x08005828   Section        0  blood.o(i.tft_draw_frame)
    i.tft_draw_hrsp                          0x08005868   Section        0  blood.o(i.tft_draw_hrsp)
    i.tft_draw_wave                          0x08005904   Section        0  blood.o(i.tft_draw_wave)
    i.tft_draw_wave_line                     0x08005988   Section        0  blood.o(i.tft_draw_wave_line)
    i.tft_draw_windows                       0x08005a3c   Section        0  blood.o(i.tft_draw_windows)
    i.uxListRemove                           0x08005b44   Section        0  list.o(i.uxListRemove)
    i.vListInsertEnd                         0x08005b6c   Section        0  list.o(i.vListInsertEnd)
    i.vTaskSwitchContext                     0x08005b84   Section        0  tasks.o(i.vTaskSwitchContext)
    i.xTaskIncrementTick                     0x08005c14   Section        0  tasks.o(i.xTaskIncrementTick)
    .constdata                               0x08005d58   Section     3442  gui.o(.constdata)
    .constdata                               0x08006ad0   Section      808  algorithm.o(.constdata)
    XSinTbl                                  0x08006ad0   Data         808  algorithm.o(.constdata)
    .constdata                               0x08006df8   Section       42  beep.o(.constdata)
    .constdata                               0x08006e22   Section       24  system_stm32f1xx.o(.constdata)
    .data                                    0x20000000   Section       30  blood.o(.data)
    hist_n                                   0x2000000c   Data           2  blood.o(.data)
    hbhist_h                                 0x2000000e   Data           2  blood.o(.data)
    hbohist_h                                0x20000010   Data           2  blood.o(.data)
    errorStartTick                           0x20000014   Data           4  blood.o(.data)
    blhist                                   0x20000018   Data           1  blood.o(.data)
    beepstate                                0x20000019   Data           1  blood.o(.data)
    div                                      0x2000001a   Data           2  blood.o(.data)
    div2                                     0x2000001c   Data           2  blood.o(.data)
    .data                                    0x20000020   Section       60  tasks.o(.data)
    pxDelayedTaskList                        0x20000024   Data           4  tasks.o(.data)
    pxOverflowDelayedTaskList                0x20000028   Data           4  tasks.o(.data)
    uxDeletedTasksWaitingCleanUp             0x2000002c   Data           4  tasks.o(.data)
    uxCurrentNumberOfTasks                   0x20000030   Data           4  tasks.o(.data)
    xTickCount                               0x20000034   Data           4  tasks.o(.data)
    uxTopReadyPriority                       0x20000038   Data           4  tasks.o(.data)
    xSchedulerRunning                        0x2000003c   Data           4  tasks.o(.data)
    uxPendedTicks                            0x20000040   Data           4  tasks.o(.data)
    xYieldPending                            0x20000044   Data           4  tasks.o(.data)
    xNumOfOverflows                          0x20000048   Data           4  tasks.o(.data)
    uxTaskNumber                             0x2000004c   Data           4  tasks.o(.data)
    xNextTaskUnblockTime                     0x20000050   Data           4  tasks.o(.data)
    xIdleTaskHandle                          0x20000054   Data           4  tasks.o(.data)
    uxSchedulerSuspended                     0x20000058   Data           4  tasks.o(.data)
    .data                                    0x2000005c   Section        2  beep.o(.data)
    .data                                    0x20000060   Section        9  stm32f1xx_hal.o(.data)
    .data                                    0x2000006c   Section        4  system_stm32f1xx.o(.data)
    .data                                    0x20000070   Section        4  stdout.o(.data)
    .data                                    0x20000074   Section        4  errno.o(.data)
    _errno                                   0x20000074   Data           4  errno.o(.data)
    .bss                                     0x20000078   Section    16676  blood.o(.bss)
    hbdc                                     0x20004184   Data          12  blood.o(.bss)
    hbodc                                    0x20004190   Data          12  blood.o(.bss)
    .bss                                     0x2000419c   Section       48  adc.o(.bss)
    .bss                                     0x200041cc   Section      156  spi.o(.bss)
    .bss                                     0x20004268   Section       64  stm32f1xx_hal_timebase_tim.o(.bss)
    .bss                                     0x200042a8   Section       64  tim.o(.bss)
    .bss                                     0x200042e8   Section      128  usart.o(.bss)
    .bss                                     0x20004368   Section     1220  tasks.o(.bss)
    pxReadyTasksLists                        0x20004368   Data        1120  tasks.o(.bss)
    xDelayedTaskList1                        0x200047c8   Data          20  tasks.o(.bss)
    xDelayedTaskList2                        0x200047dc   Data          20  tasks.o(.bss)
    xPendingReadyList                        0x200047f0   Data          20  tasks.o(.bss)
    xTasksWaitingTermination                 0x20004804   Data          20  tasks.o(.bss)
    xSuspendedTaskList                       0x20004818   Data          20  tasks.o(.bss)
    STACK                                    0x20004830   Section     1024  startup_stm32f103xb.o(STACK)

    Global Symbols

    Symbol Name                              Value     Ov Type        Size  Object(Section)

    BuildAttributes$$THM_ISAv4$P$D$K$B$S$PE$A:L22UL41UL21$X:L11$S22US41US21$IEEE1$IW$USESV6$~STKCKD$USESV7$~SHL$OTIME$ROPI$IEEEJ$EBA8$MICROLIB$REQ8$PRES8$EABIv2 0x00000000   Number         0  anon$$obj.o ABSOLUTE
    __ARM_use_no_argv                        0x00000000   Number         0  main.o ABSOLUTE
    _printf_a                                0x00000000   Number         0  stubs.o ABSOLUTE
    _printf_c                                0x00000000   Number         0  stubs.o ABSOLUTE
    _printf_charcount                        0x00000000   Number         0  stubs.o ABSOLUTE
    _printf_d                                0x00000000   Number         0  stubs.o ABSOLUTE
    _printf_e                                0x00000000   Number         0  stubs.o ABSOLUTE
    _printf_f                                0x00000000   Number         0  stubs.o ABSOLUTE
    _printf_flags                            0x00000000   Number         0  stubs.o ABSOLUTE
    _printf_fp_dec                           0x00000000   Number         0  stubs.o ABSOLUTE
    _printf_fp_hex                           0x00000000   Number         0  stubs.o ABSOLUTE
    _printf_g                                0x00000000   Number         0  stubs.o ABSOLUTE
    _printf_i                                0x00000000   Number         0  stubs.o ABSOLUTE
    _printf_int_dec                          0x00000000   Number         0  stubs.o ABSOLUTE
    _printf_l                                0x00000000   Number         0  stubs.o ABSOLUTE
    _printf_lc                               0x00000000   Number         0  stubs.o ABSOLUTE
    _printf_ll                               0x00000000   Number         0  stubs.o ABSOLUTE
    _printf_lld                              0x00000000   Number         0  stubs.o ABSOLUTE
    _printf_lli                              0x00000000   Number         0  stubs.o ABSOLUTE
    _printf_llo                              0x00000000   Number         0  stubs.o ABSOLUTE
    _printf_llu                              0x00000000   Number         0  stubs.o ABSOLUTE
    _printf_llx                              0x00000000   Number         0  stubs.o ABSOLUTE
    _printf_longlong_dec                     0x00000000   Number         0  stubs.o ABSOLUTE
    _printf_longlong_hex                     0x00000000   Number         0  stubs.o ABSOLUTE
    _printf_longlong_oct                     0x00000000   Number         0  stubs.o ABSOLUTE
    _printf_ls                               0x00000000   Number         0  stubs.o ABSOLUTE
    _printf_mbtowc                           0x00000000   Number         0  stubs.o ABSOLUTE
    _printf_n                                0x00000000   Number         0  stubs.o ABSOLUTE
    _printf_o                                0x00000000   Number         0  stubs.o ABSOLUTE
    _printf_p                                0x00000000   Number         0  stubs.o ABSOLUTE
    _printf_percent                          0x00000000   Number         0  stubs.o ABSOLUTE
    _printf_pre_padding                      0x00000000   Number         0  stubs.o ABSOLUTE
    _printf_return_value                     0x00000000   Number         0  stubs.o ABSOLUTE
    _printf_s                                0x00000000   Number         0  stubs.o ABSOLUTE
    _printf_sizespec                         0x00000000   Number         0  stubs.o ABSOLUTE
    _printf_str                              0x00000000   Number         0  stubs.o ABSOLUTE
    _printf_truncate_signed                  0x00000000   Number         0  stubs.o ABSOLUTE
    _printf_truncate_unsigned                0x00000000   Number         0  stubs.o ABSOLUTE
    _printf_u                                0x00000000   Number         0  stubs.o ABSOLUTE
    _printf_wc                               0x00000000   Number         0  stubs.o ABSOLUTE
    _printf_wctomb                           0x00000000   Number         0  stubs.o ABSOLUTE
    _printf_widthprec                        0x00000000   Number         0  stubs.o ABSOLUTE
    _printf_x                                0x00000000   Number         0  stubs.o ABSOLUTE
    __cpp_initialize__aeabi_                  - Undefined Weak Reference
    __cxa_finalize                            - Undefined Weak Reference
    __decompress                              - Undefined Weak Reference
    _clock_init                               - Undefined Weak Reference
    _microlib_exit                            - Undefined Weak Reference
    __Vectors_Size                           0x000000ec   Number         0  startup_stm32f103xb.o ABSOLUTE
    __Vectors                                0x08000000   Data           4  startup_stm32f103xb.o(RESET)
    __Vectors_End                            0x080000ec   Data           0  startup_stm32f103xb.o(RESET)
    __main                                   0x080000ed   Thumb Code     0  entry.o(.ARM.Collect$$$$00000000)
    _main_stk                                0x080000ed   Thumb Code     0  entry2.o(.ARM.Collect$$$$00000001)
    _main_scatterload                        0x080000f1   Thumb Code     0  entry5.o(.ARM.Collect$$$$00000004)
    __main_after_scatterload                 0x080000f5   Thumb Code     0  entry5.o(.ARM.Collect$$$$00000004)
    _main_clock                              0x080000f5   Thumb Code     0  entry7b.o(.ARM.Collect$$$$00000008)
    _main_cpp_init                           0x080000f5   Thumb Code     0  entry8b.o(.ARM.Collect$$$$0000000A)
    _main_init                               0x080000f5   Thumb Code     0  entry9a.o(.ARM.Collect$$$$0000000B)
    __rt_final_cpp                           0x080000fd   Thumb Code     0  entry10a.o(.ARM.Collect$$$$0000000D)
    __rt_final_exit                          0x080000fd   Thumb Code     0  entry11a.o(.ARM.Collect$$$$0000000F)
    SVC_Handler                              0x08000101   Thumb Code    32  port.o(.emb_text)
    __asm___6_port_c_39a90d8d__prvStartFirstTask 0x08000125   Thumb Code    28  port.o(.emb_text)
    PendSV_Handler                           0x08000145   Thumb Code    72  port.o(.emb_text)
    vPortGetIPSR                             0x08000191   Thumb Code     6  port.o(.emb_text)
    Reset_Handler                            0x08000199   Thumb Code     8  startup_stm32f103xb.o(.text)
    ADC1_2_IRQHandler                        0x080001b3   Thumb Code     0  startup_stm32f103xb.o(.text)
    CAN1_RX1_IRQHandler                      0x080001b3   Thumb Code     0  startup_stm32f103xb.o(.text)
    CAN1_SCE_IRQHandler                      0x080001b3   Thumb Code     0  startup_stm32f103xb.o(.text)
    DMA1_Channel1_IRQHandler                 0x080001b3   Thumb Code     0  startup_stm32f103xb.o(.text)
    DMA1_Channel2_IRQHandler                 0x080001b3   Thumb Code     0  startup_stm32f103xb.o(.text)
    DMA1_Channel3_IRQHandler                 0x080001b3   Thumb Code     0  startup_stm32f103xb.o(.text)
    DMA1_Channel4_IRQHandler                 0x080001b3   Thumb Code     0  startup_stm32f103xb.o(.text)
    DMA1_Channel6_IRQHandler                 0x080001b3   Thumb Code     0  startup_stm32f103xb.o(.text)
    DMA1_Channel7_IRQHandler                 0x080001b3   Thumb Code     0  startup_stm32f103xb.o(.text)
    EXTI0_IRQHandler                         0x080001b3   Thumb Code     0  startup_stm32f103xb.o(.text)
    EXTI15_10_IRQHandler                     0x080001b3   Thumb Code     0  startup_stm32f103xb.o(.text)
    EXTI1_IRQHandler                         0x080001b3   Thumb Code     0  startup_stm32f103xb.o(.text)
    EXTI2_IRQHandler                         0x080001b3   Thumb Code     0  startup_stm32f103xb.o(.text)
    EXTI3_IRQHandler                         0x080001b3   Thumb Code     0  startup_stm32f103xb.o(.text)
    EXTI4_IRQHandler                         0x080001b3   Thumb Code     0  startup_stm32f103xb.o(.text)
    EXTI9_5_IRQHandler                       0x080001b3   Thumb Code     0  startup_stm32f103xb.o(.text)
    FLASH_IRQHandler                         0x080001b3   Thumb Code     0  startup_stm32f103xb.o(.text)
    I2C1_ER_IRQHandler                       0x080001b3   Thumb Code     0  startup_stm32f103xb.o(.text)
    I2C1_EV_IRQHandler                       0x080001b3   Thumb Code     0  startup_stm32f103xb.o(.text)
    I2C2_ER_IRQHandler                       0x080001b3   Thumb Code     0  startup_stm32f103xb.o(.text)
    I2C2_EV_IRQHandler                       0x080001b3   Thumb Code     0  startup_stm32f103xb.o(.text)
    PVD_IRQHandler                           0x080001b3   Thumb Code     0  startup_stm32f103xb.o(.text)
    RCC_IRQHandler                           0x080001b3   Thumb Code     0  startup_stm32f103xb.o(.text)
    RTC_Alarm_IRQHandler                     0x080001b3   Thumb Code     0  startup_stm32f103xb.o(.text)
    RTC_IRQHandler                           0x080001b3   Thumb Code     0  startup_stm32f103xb.o(.text)
    SPI1_IRQHandler                          0x080001b3   Thumb Code     0  startup_stm32f103xb.o(.text)
    SPI2_IRQHandler                          0x080001b3   Thumb Code     0  startup_stm32f103xb.o(.text)
    TAMPER_IRQHandler                        0x080001b3   Thumb Code     0  startup_stm32f103xb.o(.text)
    TIM1_BRK_IRQHandler                      0x080001b3   Thumb Code     0  startup_stm32f103xb.o(.text)
    TIM1_CC_IRQHandler                       0x080001b3   Thumb Code     0  startup_stm32f103xb.o(.text)
    TIM1_TRG_COM_IRQHandler                  0x080001b3   Thumb Code     0  startup_stm32f103xb.o(.text)
    TIM1_UP_IRQHandler                       0x080001b3   Thumb Code     0  startup_stm32f103xb.o(.text)
    TIM2_IRQHandler                          0x080001b3   Thumb Code     0  startup_stm32f103xb.o(.text)
    TIM3_IRQHandler                          0x080001b3   Thumb Code     0  startup_stm32f103xb.o(.text)
    USART3_IRQHandler                        0x080001b3   Thumb Code     0  startup_stm32f103xb.o(.text)
    USBWakeUp_IRQHandler                     0x080001b3   Thumb Code     0  startup_stm32f103xb.o(.text)
    USB_HP_CAN1_TX_IRQHandler                0x080001b3   Thumb Code     0  startup_stm32f103xb.o(.text)
    USB_LP_CAN1_RX0_IRQHandler               0x080001b3   Thumb Code     0  startup_stm32f103xb.o(.text)
    WWDG_IRQHandler                          0x080001b3   Thumb Code     0  startup_stm32f103xb.o(.text)
    __aeabi_llsr                             0x080001bd   Thumb Code    32  llushr.o(.text)
    _ll_ushift_r                             0x080001bd   Thumb Code     0  llushr.o(.text)
    __aeabi_memset                           0x080001dd   Thumb Code    14  memseta.o(.text)
    __aeabi_memset4                          0x080001dd   Thumb Code     0  memseta.o(.text)
    __aeabi_memset8                          0x080001dd   Thumb Code     0  memseta.o(.text)
    __aeabi_memclr                           0x080001eb   Thumb Code     4  memseta.o(.text)
    __aeabi_memclr4                          0x080001eb   Thumb Code     0  memseta.o(.text)
    __aeabi_memclr8                          0x080001eb   Thumb Code     0  memseta.o(.text)
    memset                                   0x080001ef   Thumb Code    18  memseta.o(.text)
    __aeabi_fadd                             0x08000201   Thumb Code   164  fadd.o(.text)
    __aeabi_fsub                             0x080002a5   Thumb Code     6  fadd.o(.text)
    __aeabi_frsub                            0x080002ab   Thumb Code     6  fadd.o(.text)
    __aeabi_fmul                             0x080002b1   Thumb Code   100  fmul.o(.text)
    __aeabi_fdiv                             0x08000315   Thumb Code   124  fdiv.o(.text)
    __aeabi_dadd                             0x08000391   Thumb Code   322  dadd.o(.text)
    __aeabi_dsub                             0x080004d3   Thumb Code     6  dadd.o(.text)
    __aeabi_drsub                            0x080004d9   Thumb Code     6  dadd.o(.text)
    __aeabi_dmul                             0x080004df   Thumb Code   228  dmul.o(.text)
    __aeabi_ddiv                             0x080005c3   Thumb Code   222  ddiv.o(.text)
    __aeabi_i2f                              0x080006a1   Thumb Code    18  fflti.o(.text)
    __aeabi_ui2f                             0x080006b3   Thumb Code    10  ffltui.o(.text)
    __aeabi_i2d                              0x080006bd   Thumb Code    34  dflti.o(.text)
    __aeabi_f2iz                             0x080006df   Thumb Code    50  ffixi.o(.text)
    __aeabi_f2uiz                            0x08000711   Thumb Code    40  ffixui.o(.text)
    __aeabi_d2iz                             0x08000739   Thumb Code    62  dfixi.o(.text)
    __aeabi_f2d                              0x08000777   Thumb Code    38  f2d.o(.text)
    __aeabi_cdcmpeq                          0x0800079d   Thumb Code     0  cdcmple.o(.text)
    __aeabi_cdcmple                          0x0800079d   Thumb Code    48  cdcmple.o(.text)
    __aeabi_cdrcmple                         0x080007cd   Thumb Code    48  cdrcmple.o(.text)
    __aeabi_d2f                              0x080007fd   Thumb Code    56  d2f.o(.text)
    __aeabi_cfcmpeq                          0x08000835   Thumb Code     0  cfcmple.o(.text)
    __aeabi_cfcmple                          0x08000835   Thumb Code    20  cfcmple.o(.text)
    __aeabi_cfrcmple                         0x08000849   Thumb Code    20  cfrcmple.o(.text)
    __aeabi_uidiv                            0x0800085d   Thumb Code     0  uidiv.o(.text)
    __aeabi_uidivmod                         0x0800085d   Thumb Code    44  uidiv.o(.text)
    __aeabi_uldivmod                         0x08000889   Thumb Code    98  uldiv.o(.text)
    __aeabi_llsl                             0x080008eb   Thumb Code    30  llshl.o(.text)
    _ll_shift_l                              0x080008eb   Thumb Code     0  llshl.o(.text)
    __aeabi_lasr                             0x08000909   Thumb Code    36  llsshr.o(.text)
    _ll_sshift_r                             0x08000909   Thumb Code     0  llsshr.o(.text)
    __I$use$fp                               0x0800092d   Thumb Code     0  iusefp.o(.text)
    _float_round                             0x0800092d   Thumb Code    18  fepilogue.o(.text)
    _float_epilogue                          0x0800093f   Thumb Code    92  fepilogue.o(.text)
    _fsqrt                                   0x0800099b   Thumb Code    94  fsqrt.o(.text)
    _double_round                            0x080009f9   Thumb Code    30  depilogue.o(.text)
    _double_epilogue                         0x08000a17   Thumb Code   156  depilogue.o(.text)
    __aeabi_d2ulz                            0x08000ab3   Thumb Code    48  dfixul.o(.text)
    __scatterload                            0x08000ae5   Thumb Code    28  init.o(.text)
    __scatterload_rt2                        0x08000ae5   Thumb Code     0  init.o(.text)
    ADC_ConversionStop_Disable               0x08000b09   Thumb Code    82  stm32f1xx_hal_adc.o(i.ADC_ConversionStop_Disable)
    Beep_Control                             0x08000b5d   Thumb Code    34  beep.o(i.Beep_Control)
    BusFault_Handler                         0x08000b89   Thumb Code     4  stm32f1xx_it.o(i.BusFault_Handler)
    DMA1_Channel5_IRQHandler                 0x08000b8d   Thumb Code    10  stm32f1xx_it.o(i.DMA1_Channel5_IRQHandler)
    DS18B20_Check                            0x08000b9d   Thumb Code    92  ds18b20.o(i.DS18B20_Check)
    DS18B20_Get_Temp                         0x08000c01   Thumb Code   130  ds18b20.o(i.DS18B20_Get_Temp)
    DS18B20_Init                             0x08000c89   Thumb Code    66  ds18b20.o(i.DS18B20_Init)
    DS18B20_Read_Bit                         0x08000cd5   Thumb Code    96  ds18b20.o(i.DS18B20_Read_Bit)
    DS18B20_Read_Byte                        0x08000d41   Thumb Code    34  ds18b20.o(i.DS18B20_Read_Byte)
    DS18B20_Rst                              0x08000d65   Thumb Code    54  ds18b20.o(i.DS18B20_Rst)
    DS18B20_Start                            0x08000da9   Thumb Code    24  ds18b20.o(i.DS18B20_Start)
    DS18B20_Write_Byte                       0x08000dc1   Thumb Code   102  ds18b20.o(i.DS18B20_Write_Byte)
    DebugMon_Handler                         0x08000e35   Thumb Code     2  stm32f1xx_it.o(i.DebugMon_Handler)
    EE                                       0x08000e37   Thumb Code    76  algorithm.o(i.EE)
    Error_Handler                            0x08000e83   Thumb Code     4  main.o(i.Error_Handler)
    FFT                                      0x08000e89   Thumb Code   386  algorithm.o(i.FFT)
    Gui_DrawFont_GBK16                       0x08001015   Thumb Code   162  gui.o(i.Gui_DrawFont_GBK16)
    Gui_DrawLine                             0x080010bd   Thumb Code   186  gui.o(i.Gui_DrawLine)
    Gui_DrawPoint                            0x08001177   Thumb Code    42  st7735.o(i.Gui_DrawPoint)
    HAL_ADC_ConfigChannel                    0x080011a1   Thumb Code   338  stm32f1xx_hal_adc.o(i.HAL_ADC_ConfigChannel)
    HAL_ADC_Init                             0x08001301   Thumb Code   314  stm32f1xx_hal_adc.o(i.HAL_ADC_Init)
    HAL_ADC_MspInit                          0x08001445   Thumb Code    98  adc.o(i.HAL_ADC_MspInit)
    HAL_DMA_Abort_IT                         0x080014b5   Thumb Code   172  stm32f1xx_hal_dma.o(i.HAL_DMA_Abort_IT)
    HAL_DMA_IRQHandler                       0x08001565   Thumb Code   408  stm32f1xx_hal_dma.o(i.HAL_DMA_IRQHandler)
    HAL_DMA_Init                             0x08001701   Thumb Code   100  stm32f1xx_hal_dma.o(i.HAL_DMA_Init)
    HAL_Delay                                0x08001769   Thumb Code    36  stm32f1xx_hal.o(i.HAL_Delay)
    HAL_GPIO_Init                            0x08001791   Thumb Code   766  stm32f1xx_hal_gpio.o(i.HAL_GPIO_Init)
    HAL_GPIO_ReadPin                         0x08001ab1   Thumb Code    16  stm32f1xx_hal_gpio.o(i.HAL_GPIO_ReadPin)
    HAL_GPIO_WritePin                        0x08001ac1   Thumb Code    12  stm32f1xx_hal_gpio.o(i.HAL_GPIO_WritePin)
    HAL_GetTick                              0x08001acd   Thumb Code     6  stm32f1xx_hal.o(i.HAL_GetTick)
    HAL_IncTick                              0x08001ad9   Thumb Code    16  stm32f1xx_hal.o(i.HAL_IncTick)
    HAL_Init                                 0x08001af1   Thumb Code    34  stm32f1xx_hal.o(i.HAL_Init)
    HAL_InitTick                             0x08001b19   Thumb Code   118  stm32f1xx_hal_timebase_tim.o(i.HAL_InitTick)
    HAL_MspInit                              0x08001ba1   Thumb Code    86  stm32f1xx_hal_msp.o(i.HAL_MspInit)
    HAL_NVIC_EnableIRQ                       0x08001c01   Thumb Code    32  stm32f1xx_hal_cortex.o(i.HAL_NVIC_EnableIRQ)
    HAL_NVIC_SetPriority                     0x08001c21   Thumb Code   124  stm32f1xx_hal_cortex.o(i.HAL_NVIC_SetPriority)
    HAL_NVIC_SetPriorityGrouping             0x08001c9d   Thumb Code    32  stm32f1xx_hal_cortex.o(i.HAL_NVIC_SetPriorityGrouping)
    HAL_RCCEx_PeriphCLKConfig                0x08001cc5   Thumb Code   290  stm32f1xx_hal_rcc_ex.o(i.HAL_RCCEx_PeriphCLKConfig)
    HAL_RCC_ClockConfig                      0x08001df5   Thumb Code   376  stm32f1xx_hal_rcc.o(i.HAL_RCC_ClockConfig)
    HAL_RCC_GetClockConfig                   0x08001f81   Thumb Code    58  stm32f1xx_hal_rcc.o(i.HAL_RCC_GetClockConfig)
    HAL_RCC_GetHCLKFreq                      0x08001fc5   Thumb Code     6  stm32f1xx_hal_rcc.o(i.HAL_RCC_GetHCLKFreq)
    HAL_RCC_GetPCLK1Freq                     0x08001fd1   Thumb Code    22  stm32f1xx_hal_rcc.o(i.HAL_RCC_GetPCLK1Freq)
    HAL_RCC_GetPCLK2Freq                     0x08001ff1   Thumb Code    22  stm32f1xx_hal_rcc.o(i.HAL_RCC_GetPCLK2Freq)
    HAL_RCC_GetSysClockFreq                  0x08002011   Thumb Code   116  stm32f1xx_hal_rcc.o(i.HAL_RCC_GetSysClockFreq)
    HAL_RCC_OscConfig                        0x080020a5   Thumb Code  1114  stm32f1xx_hal_rcc.o(i.HAL_RCC_OscConfig)
    HAL_SPI_Init                             0x08002509   Thumb Code   136  stm32f1xx_hal_spi.o(i.HAL_SPI_Init)
    HAL_SPI_MspInit                          0x08002591   Thumb Code   158  spi.o(i.HAL_SPI_MspInit)
    HAL_TIMEx_BreakCallback                  0x08002645   Thumb Code     2  stm32f1xx_hal_tim_ex.o(i.HAL_TIMEx_BreakCallback)
    HAL_TIMEx_CommutCallback                 0x08002647   Thumb Code     2  stm32f1xx_hal_tim_ex.o(i.HAL_TIMEx_CommutCallback)
    HAL_TIMEx_MasterConfigSynchronization    0x08002649   Thumb Code    84  stm32f1xx_hal_tim_ex.o(i.HAL_TIMEx_MasterConfigSynchronization)
    HAL_TIM_Base_Init                        0x0800269d   Thumb Code    52  stm32f1xx_hal_tim.o(i.HAL_TIM_Base_Init)
    HAL_TIM_Base_MspInit                     0x080026d1   Thumb Code    40  tim.o(i.HAL_TIM_Base_MspInit)
    HAL_TIM_Base_Start_IT                    0x080026fd   Thumb Code    42  stm32f1xx_hal_tim.o(i.HAL_TIM_Base_Start_IT)
    HAL_TIM_ConfigClockSource                0x08002727   Thumb Code   264  stm32f1xx_hal_tim.o(i.HAL_TIM_ConfigClockSource)
    HAL_TIM_IC_CaptureCallback               0x0800282f   Thumb Code     2  stm32f1xx_hal_tim.o(i.HAL_TIM_IC_CaptureCallback)
    HAL_TIM_IRQHandler                       0x08002831   Thumb Code   406  stm32f1xx_hal_tim.o(i.HAL_TIM_IRQHandler)
    HAL_TIM_MspPostInit                      0x080029c9   Thumb Code   144  tim.o(i.HAL_TIM_MspPostInit)
    HAL_TIM_OC_DelayElapsedCallback          0x08002a69   Thumb Code     2  stm32f1xx_hal_tim.o(i.HAL_TIM_OC_DelayElapsedCallback)
    HAL_TIM_PWM_ConfigChannel                0x08002a6b   Thumb Code   264  stm32f1xx_hal_tim.o(i.HAL_TIM_PWM_ConfigChannel)
    HAL_TIM_PWM_Init                         0x08002b73   Thumb Code    52  stm32f1xx_hal_tim.o(i.HAL_TIM_PWM_Init)
    HAL_TIM_PWM_MspInit                      0x08002ba7   Thumb Code     2  stm32f1xx_hal_tim.o(i.HAL_TIM_PWM_MspInit)
    HAL_TIM_PWM_PulseFinishedCallback        0x08002ba9   Thumb Code     2  stm32f1xx_hal_tim.o(i.HAL_TIM_PWM_PulseFinishedCallback)
    HAL_TIM_PWM_Start                        0x08002bad   Thumb Code    72  stm32f1xx_hal_tim.o(i.HAL_TIM_PWM_Start)
    HAL_TIM_PeriodElapsedCallback            0x08002bf9   Thumb Code    18  main.o(i.HAL_TIM_PeriodElapsedCallback)
    HAL_TIM_TriggerCallback                  0x08002c11   Thumb Code     2  stm32f1xx_hal_tim.o(i.HAL_TIM_TriggerCallback)
    HAL_UART_ErrorCallback                   0x08002c13   Thumb Code     2  stm32f1xx_hal_uart.o(i.HAL_UART_ErrorCallback)
    HAL_UART_IRQHandler                      0x08002c15   Thumb Code   326  stm32f1xx_hal_uart.o(i.HAL_UART_IRQHandler)
    HAL_UART_Init                            0x08002d61   Thumb Code   114  stm32f1xx_hal_uart.o(i.HAL_UART_Init)
    HAL_UART_MspInit                         0x08002dd5   Thumb Code   256  usart.o(i.HAL_UART_MspInit)
    HAL_UART_RxCpltCallback                  0x08002ee5   Thumb Code     2  stm32f1xx_hal_uart.o(i.HAL_UART_RxCpltCallback)
    HAL_UART_Transmit                        0x08002ee7   Thumb Code   214  stm32f1xx_hal_uart.o(i.HAL_UART_Transmit)
    HAL_UART_TxCpltCallback                  0x08002fbd   Thumb Code     2  stm32f1xx_hal_uart.o(i.HAL_UART_TxCpltCallback)
    HardFault_Handler                        0x08002fbf   Thumb Code     4  stm32f1xx_it.o(i.HardFault_Handler)
    I2C_Ack                                  0x08002fc5   Thumb Code    60  iiccom.o(i.I2C_Ack)
    I2C_NoAck                                0x08003005   Thumb Code    60  iiccom.o(i.I2C_NoAck)
    I2C_RadeByte                             0x08003045   Thumb Code    88  iiccom.o(i.I2C_RadeByte)
    I2C_SendByte                             0x080030a1   Thumb Code    94  iiccom.o(i.I2C_SendByte)
    I2C_Start                                0x08003105   Thumb Code    86  iiccom.o(i.I2C_Start)
    I2C_Stop                                 0x08003161   Thumb Code    60  iiccom.o(i.I2C_Stop)
    I2C_WaitAck                              0x080031a1   Thumb Code    78  iiccom.o(i.I2C_WaitAck)
    I2C_delay                                0x080031f5   Thumb Code    14  iiccom.o(i.I2C_delay)
    LCD_WriteData_16Bit                      0x08003205   Thumb Code    26  st7735.o(i.LCD_WriteData_16Bit)
    Lcd_Block                                0x08003225   Thumb Code   106  st7735.o(i.Lcd_Block)
    Lcd_Clear                                0x0800328f   Thumb Code    50  st7735.o(i.Lcd_Clear)
    Lcd_Init                                 0x080032c1   Thumb Code   618  st7735.o(i.Lcd_Init)
    Lcd_SetRegion                            0x08003535   Thumb Code    86  st7735.o(i.Lcd_SetRegion)
    Lcd_SetXY                                0x0800358b   Thumb Code    20  st7735.o(i.Lcd_SetXY)
    Lcd_WriteData                            0x080035a1   Thumb Code    20  st7735.o(i.Lcd_WriteData)
    Lcd_WriteIndex                           0x080035b9   Thumb Code    20  st7735.o(i.Lcd_WriteIndex)
    Led_Control                              0x080035d1   Thumb Code    34  beep.o(i.Led_Control)
    Led_beep_update                          0x080035fd   Thumb Code   276  blood.o(i.Led_beep_update)
    MX_ADC1_Init                             0x08003725   Thumb Code    82  adc.o(i.MX_ADC1_Init)
    MX_DMA_Init                              0x08003781   Thumb Code    48  dma.o(i.MX_DMA_Init)
    MX_GPIO_Init                             0x080037b5   Thumb Code   260  gpio.o(i.MX_GPIO_Init)
    MX_SPI2_Init                             0x080038c9   Thumb Code    64  spi.o(i.MX_SPI2_Init)
    MX_TIM2_Init                             0x08003911   Thumb Code   188  tim.o(i.MX_TIM2_Init)
    MX_USART1_UART_Init                      0x080039d1   Thumb Code    44  usart.o(i.MX_USART1_UART_Init)
    MX_USART2_UART_Init                      0x08003a09   Thumb Code    46  usart.o(i.MX_USART2_UART_Init)
    MemManage_Handler                        0x08003a41   Thumb Code     4  stm32f1xx_it.o(i.MemManage_Handler)
    NMI_Handler                              0x08003a45   Thumb Code     2  stm32f1xx_it.o(i.NMI_Handler)
    SPI_WriteData                            0x08003a71   Thumb Code    60  st7735.o(i.SPI_WriteData)
    SysTick_Handler                          0x08003ab1   Thumb Code    46  port.o(i.SysTick_Handler)
    SystemClock_Config                       0x08003ae5   Thumb Code   132  main.o(i.SystemClock_Config)
    SystemInit                               0x08003b69   Thumb Code    70  system_stm32f1xx.o(i.SystemInit)
    TIM4_IRQHandler                          0x08003bc1   Thumb Code    14  stm32f1xx_it.o(i.TIM4_IRQHandler)
    TIM_Base_SetConfig                       0x08003bd5   Thumb Code   104  stm32f1xx_hal_tim.o(i.TIM_Base_SetConfig)
    TIM_CCxChannelCmd                        0x08003c49   Thumb Code    34  stm32f1xx_hal_tim.o(i.TIM_CCxChannelCmd)
    TIM_ETR_SetConfig                        0x08003c6b   Thumb Code    22  stm32f1xx_hal_tim.o(i.TIM_ETR_SetConfig)
    TIM_OC2_SetConfig                        0x08003cf5   Thumb Code   100  stm32f1xx_hal_tim.o(i.TIM_OC2_SetConfig)
    USART1_IRQHandler                        0x080041c9   Thumb Code    10  stm32f1xx_it.o(i.USART1_IRQHandler)
    USART2_IRQHandler                        0x080041d9   Thumb Code    10  stm32f1xx_it.o(i.USART2_IRQHandler)
    UsageFault_Handler                       0x080041e9   Thumb Code     4  stm32f1xx_it.o(i.UsageFault_Handler)
    User_Interrupt                           0x080041ed   Thumb Code     8  user_main.o(i.User_Interrupt)
    User_Loop                                0x080041f5   Thumb Code     8  user_main.o(i.User_Loop)
    User_Setup                               0x080041fd   Thumb Code    54  user_main.o(i.User_Setup)
    XCos                                     0x08004239   Thumb Code    30  algorithm.o(i.XCos)
    XSin                                     0x08004261   Thumb Code   488  algorithm.o(i.XSin)
    __0printf                                0x08004471   Thumb Code    22  printfa.o(i.__0printf)
    __1printf                                0x08004471   Thumb Code     0  printfa.o(i.__0printf)
    __2printf                                0x08004471   Thumb Code     0  printfa.o(i.__0printf)
    __c89printf                              0x08004471   Thumb Code     0  printfa.o(i.__0printf)
    printf                                   0x08004471   Thumb Code     0  printfa.o(i.__0printf)
    __0sprintf                               0x08004491   Thumb Code    34  printfa.o(i.__0sprintf)
    __1sprintf                               0x08004491   Thumb Code     0  printfa.o(i.__0sprintf)
    __2sprintf                               0x08004491   Thumb Code     0  printfa.o(i.__0sprintf)
    __c89sprintf                             0x08004491   Thumb Code     0  printfa.o(i.__0sprintf)
    sprintf                                  0x08004491   Thumb Code     0  printfa.o(i.__0sprintf)
    __scatterload_copy                       0x080044f1   Thumb Code    14  handlers.o(i.__scatterload_copy)
    __scatterload_null                       0x080044ff   Thumb Code     2  handlers.o(i.__scatterload_null)
    __scatterload_zeroinit                   0x08004501   Thumb Code    14  handlers.o(i.__scatterload_zeroinit)
    __set_errno                              0x08004511   Thumb Code     6  errno.o(i.__set_errno)
    blood_Interrupt                          0x08004dd9   Thumb Code    54  blood.o(i.blood_Interrupt)
    blood_Loop                               0x08004e19   Thumb Code    20  blood.o(i.blood_Loop)
    blood_Setup                              0x08004e2d   Thumb Code    26  blood.o(i.blood_Setup)
    blood_data_translate                     0x08004e4d   Thumb Code   508  blood.o(i.blood_data_translate)
    blood_data_update                        0x0800507d   Thumb Code   162  blood.o(i.blood_data_update)
    blood_wave_update                        0x08005135   Thumb Code   380  blood.o(i.blood_wave_update)
    dc_filter                                0x080052dd   Thumb Code    66  algorithm.o(i.dc_filter)
    delay_us                                 0x08005325   Thumb Code    30  ds18b20.o(i.delay_us)
    find_max_num_index                       0x08005349   Thumb Code    50  algorithm.o(i.find_max_num_index)
    fputc                                    0x0800537d   Thumb Code    26  usart.o(i.fputc)
    gui_draw_Block                           0x0800539d   Thumb Code   116  gui.o(i.gui_draw_Block)
    gui_draw_square                          0x08005411   Thumb Code    74  gui.o(i.gui_draw_square)
    main                                     0x0800545b   Thumb Code    48  main.o(i.main)
    max30100_Bus_Read                        0x0800548b   Thumb Code    80  max30100.o(i.max30100_Bus_Read)
    max30100_Bus_Write                       0x080054db   Thumb Code    68  max30100.o(i.max30100_Bus_Write)
    max30100_FIFO_Read                       0x0800551f   Thumb Code   160  max30100.o(i.max30100_FIFO_Read)
    max30100_init                            0x080055bf   Thumb Code    68  max30100.o(i.max30100_init)
    my_floor                                 0x08005603   Thumb Code    76  algorithm.o(i.my_floor)
    my_fmod                                  0x0800564f   Thumb Code   152  algorithm.o(i.my_fmod)
    set_pwm_value                            0x0800571d   Thumb Code    20  beep.o(i.set_pwm_value)
    settone                                  0x08005739   Thumb Code    32  beep.o(i.settone)
    sqrtf                                    0x08005761   Thumb Code    44  sqrtf.o(i.sqrtf)
    tft_display_update                       0x0800578d   Thumb Code    50  blood.o(i.tft_display_update)
    tft_draw_State                           0x080057c5   Thumb Code    74  blood.o(i.tft_draw_State)
    tft_draw_frame                           0x08005829   Thumb Code    62  blood.o(i.tft_draw_frame)
    tft_draw_hrsp                            0x08005869   Thumb Code   124  blood.o(i.tft_draw_hrsp)
    tft_draw_wave                            0x08005905   Thumb Code   114  blood.o(i.tft_draw_wave)
    tft_draw_wave_line                       0x08005989   Thumb Code   180  blood.o(i.tft_draw_wave_line)
    tft_draw_windows                         0x08005a3d   Thumb Code   220  blood.o(i.tft_draw_windows)
    uxListRemove                             0x08005b45   Thumb Code    40  list.o(i.uxListRemove)
    vListInsertEnd                           0x08005b6d   Thumb Code    24  list.o(i.vListInsertEnd)
    vTaskSwitchContext                       0x08005b85   Thumb Code   122  tasks.o(i.vTaskSwitchContext)
    xTaskIncrementTick                       0x08005c15   Thumb Code   280  tasks.o(i.xTaskIncrementTick)
    asc16                                    0x08005d58   Data        1521  gui.o(.constdata)
    sz32                                     0x08006349   Data        1921  gui.o(.constdata)
    FREQ                                     0x08006df8   Data          42  beep.o(.constdata)
    AHBPrescTable                            0x08006e22   Data          16  system_stm32f1xx.o(.constdata)
    APBPrescTable                            0x08006e32   Data           8  system_stm32f1xx.o(.constdata)
    Region$$Table$$Base                      0x08006e3c   Number         0  anon$$obj.o(Region$$Table)
    Region$$Table$$Limit                     0x08006e5c   Number         0  anon$$obj.o(Region$$Table)
    g_fft_index                              0x20000000   Data           2  blood.o(.data)
    g_BloodWave                              0x20000004   Data           8  blood.o(.data)
    pxCurrentTCB                             0x20000020   Data           4  tasks.o(.data)
    g_tone                                   0x2000005c   Data           2  beep.o(.data)
    uwTick                                   0x20000060   Data           4  stm32f1xx_hal.o(.data)
    uwTickPrio                               0x20000064   Data           4  stm32f1xx_hal.o(.data)
    uwTickFreq                               0x20000068   Data           1  stm32f1xx_hal.o(.data)
    SystemCoreClock                          0x2000006c   Data           4  system_stm32f1xx.o(.data)
    __stdout                                 0x20000070   Data           4  stdout.o(.data)
    s1                                       0x20000078   Data        8320  blood.o(.bss)
    s2                                       0x200020f8   Data        8320  blood.o(.bss)
    g_blooddata                              0x20004178   Data          12  blood.o(.bss)
    hadc1                                    0x2000419c   Data          48  adc.o(.bss)
    hspi2                                    0x200041cc   Data          88  spi.o(.bss)
    hdma_spi2_tx                             0x20004224   Data          68  spi.o(.bss)
    htim4                                    0x20004268   Data          64  stm32f1xx_hal_timebase_tim.o(.bss)
    htim2                                    0x200042a8   Data          64  tim.o(.bss)
    huart1                                   0x200042e8   Data          64  usart.o(.bss)
    huart2                                   0x20004328   Data          64  usart.o(.bss)
    __initial_sp                             0x20004c30   Data           0  startup_stm32f103xb.o(STACK)



==============================================================================

Memory Map of the image

  Image Entry point : 0x080000ed

  Load Region LR_IROM1 (Base: 0x08000000, Size: 0x00006ed4, Max: 0x00010000, ABSOLUTE)

    Execution Region ER_IROM1 (Exec base: 0x08000000, Load base: 0x08000000, Size: 0x00006e5c, Max: 0x00010000, ABSOLUTE)

    Exec Addr    Load Addr    Size         Type   Attr      Idx    E Section Name        Object

    0x08000000   0x08000000   0x000000ec   Data   RO            3    RESET               startup_stm32f103xb.o
    0x080000ec   0x080000ec   0x00000000   Code   RO         6044  * .ARM.Collect$$$$00000000  mc_w.l(entry.o)
    0x080000ec   0x080000ec   0x00000004   Code   RO         6354    .ARM.Collect$$$$00000001  mc_w.l(entry2.o)
    0x080000f0   0x080000f0   0x00000004   Code   RO         6357    .ARM.Collect$$$$00000004  mc_w.l(entry5.o)
    0x080000f4   0x080000f4   0x00000000   Code   RO         6359    .ARM.Collect$$$$00000008  mc_w.l(entry7b.o)
    0x080000f4   0x080000f4   0x00000000   Code   RO         6361    .ARM.Collect$$$$0000000A  mc_w.l(entry8b.o)
    0x080000f4   0x080000f4   0x00000008   Code   RO         6362    .ARM.Collect$$$$0000000B  mc_w.l(entry9a.o)
    0x080000fc   0x080000fc   0x00000000   Code   RO         6364    .ARM.Collect$$$$0000000D  mc_w.l(entry10a.o)
    0x080000fc   0x080000fc   0x00000000   Code   RO         6366    .ARM.Collect$$$$0000000F  mc_w.l(entry11a.o)
    0x080000fc   0x080000fc   0x00000004   Code   RO         6355    .ARM.Collect$$$$00002712  mc_w.l(entry2.o)
    0x08000100   0x08000100   0x00000096   Code   RO         2735    .emb_text           port.o
    0x08000196   0x08000196   0x00000002   PAD
    0x08000198   0x08000198   0x00000024   Code   RO            4    .text               startup_stm32f103xb.o
    0x080001bc   0x080001bc   0x00000020   Code   RO         6047    .text               mc_w.l(llushr.o)
    0x080001dc   0x080001dc   0x00000024   Code   RO         6053    .text               mc_w.l(memseta.o)
    0x08000200   0x08000200   0x000000b0   Code   RO         6318    .text               mf_w.l(fadd.o)
    0x080002b0   0x080002b0   0x00000064   Code   RO         6320    .text               mf_w.l(fmul.o)
    0x08000314   0x08000314   0x0000007c   Code   RO         6322    .text               mf_w.l(fdiv.o)
    0x08000390   0x08000390   0x0000014e   Code   RO         6324    .text               mf_w.l(dadd.o)
    0x080004de   0x080004de   0x000000e4   Code   RO         6326    .text               mf_w.l(dmul.o)
    0x080005c2   0x080005c2   0x000000de   Code   RO         6328    .text               mf_w.l(ddiv.o)
    0x080006a0   0x080006a0   0x00000012   Code   RO         6330    .text               mf_w.l(fflti.o)
    0x080006b2   0x080006b2   0x0000000a   Code   RO         6332    .text               mf_w.l(ffltui.o)
    0x080006bc   0x080006bc   0x00000022   Code   RO         6334    .text               mf_w.l(dflti.o)
    0x080006de   0x080006de   0x00000032   Code   RO         6336    .text               mf_w.l(ffixi.o)
    0x08000710   0x08000710   0x00000028   Code   RO         6338    .text               mf_w.l(ffixui.o)
    0x08000738   0x08000738   0x0000003e   Code   RO         6340    .text               mf_w.l(dfixi.o)
    0x08000776   0x08000776   0x00000026   Code   RO         6342    .text               mf_w.l(f2d.o)
    0x0800079c   0x0800079c   0x00000030   Code   RO         6344    .text               mf_w.l(cdcmple.o)
    0x080007cc   0x080007cc   0x00000030   Code   RO         6346    .text               mf_w.l(cdrcmple.o)
    0x080007fc   0x080007fc   0x00000038   Code   RO         6348    .text               mf_w.l(d2f.o)
    0x08000834   0x08000834   0x00000014   Code   RO         6350    .text               mf_w.l(cfcmple.o)
    0x08000848   0x08000848   0x00000014   Code   RO         6352    .text               mf_w.l(cfrcmple.o)
    0x0800085c   0x0800085c   0x0000002c   Code   RO         6369    .text               mc_w.l(uidiv.o)
    0x08000888   0x08000888   0x00000062   Code   RO         6371    .text               mc_w.l(uldiv.o)
    0x080008ea   0x080008ea   0x0000001e   Code   RO         6373    .text               mc_w.l(llshl.o)
    0x08000908   0x08000908   0x00000024   Code   RO         6375    .text               mc_w.l(llsshr.o)
    0x0800092c   0x0800092c   0x00000000   Code   RO         6384    .text               mc_w.l(iusefp.o)
    0x0800092c   0x0800092c   0x0000006e   Code   RO         6385    .text               mf_w.l(fepilogue.o)
    0x0800099a   0x0800099a   0x0000005e   Code   RO         6387    .text               mf_w.l(fsqrt.o)
    0x080009f8   0x080009f8   0x000000ba   Code   RO         6389    .text               mf_w.l(depilogue.o)
    0x08000ab2   0x08000ab2   0x00000030   Code   RO         6391    .text               mf_w.l(dfixul.o)
    0x08000ae2   0x08000ae2   0x00000002   PAD
    0x08000ae4   0x08000ae4   0x00000024   Code   RO         6393    .text               mc_w.l(init.o)
    0x08000b08   0x08000b08   0x00000052   Code   RO         3128    i.ADC_ConversionStop_Disable  stm32f1xx_hal_adc.o
    0x08000b5a   0x08000b5a   0x00000002   PAD
    0x08000b5c   0x08000b5c   0x0000002c   Code   RO         3046    i.Beep_Control      beep.o
    0x08000b88   0x08000b88   0x00000004   Code   RO         1044    i.BusFault_Handler  stm32f1xx_it.o
    0x08000b8c   0x08000b8c   0x00000010   Code   RO         1045    i.DMA1_Channel5_IRQHandler  stm32f1xx_it.o
    0x08000b9c   0x08000b9c   0x00000064   Code   RO          463    i.DS18B20_Check     ds18b20.o
    0x08000c00   0x08000c00   0x00000088   Code   RO          464    i.DS18B20_Get_Temp  ds18b20.o
    0x08000c88   0x08000c88   0x0000004c   Code   RO          465    i.DS18B20_Init      ds18b20.o
    0x08000cd4   0x08000cd4   0x0000006c   Code   RO          466    i.DS18B20_Read_Bit  ds18b20.o
    0x08000d40   0x08000d40   0x00000022   Code   RO          467    i.DS18B20_Read_Byte  ds18b20.o
    0x08000d62   0x08000d62   0x00000002   PAD
    0x08000d64   0x08000d64   0x00000044   Code   RO          468    i.DS18B20_Rst       ds18b20.o
    0x08000da8   0x08000da8   0x00000018   Code   RO          469    i.DS18B20_Start     ds18b20.o
    0x08000dc0   0x08000dc0   0x00000074   Code   RO          470    i.DS18B20_Write_Byte  ds18b20.o
    0x08000e34   0x08000e34   0x00000002   Code   RO         1046    i.DebugMon_Handler  stm32f1xx_it.o
    0x08000e36   0x08000e36   0x0000004c   Code   RO          261    i.EE                algorithm.o
    0x08000e82   0x08000e82   0x00000004   Code   RO          622    i.Error_Handler     main.o
    0x08000e86   0x08000e86   0x00000002   PAD
    0x08000e88   0x08000e88   0x0000018c   Code   RO          262    i.FFT               algorithm.o
    0x08001014   0x08001014   0x000000a8   Code   RO          187    i.Gui_DrawFont_GBK16  gui.o
    0x080010bc   0x080010bc   0x000000ba   Code   RO          190    i.Gui_DrawLine      gui.o
    0x08001176   0x08001176   0x0000002a   Code   RO         2815    i.Gui_DrawPoint     st7735.o
    0x080011a0   0x080011a0   0x00000160   Code   RO         3134    i.HAL_ADC_ConfigChannel  stm32f1xx_hal_adc.o
    0x08001300   0x08001300   0x00000144   Code   RO         3143    i.HAL_ADC_Init      stm32f1xx_hal_adc.o
    0x08001444   0x08001444   0x00000070   Code   RO          723    i.HAL_ADC_MspInit   adc.o
    0x080014b4   0x080014b4   0x000000b0   Code   RO         3789    i.HAL_DMA_Abort_IT  stm32f1xx_hal_dma.o
    0x08001564   0x08001564   0x0000019c   Code   RO         3793    i.HAL_DMA_IRQHandler  stm32f1xx_hal_dma.o
    0x08001700   0x08001700   0x00000068   Code   RO         3794    i.HAL_DMA_Init      stm32f1xx_hal_dma.o
    0x08001768   0x08001768   0x00000028   Code   RO         3411    i.HAL_Delay         stm32f1xx_hal.o
    0x08001790   0x08001790   0x00000320   Code   RO         3724    i.HAL_GPIO_Init     stm32f1xx_hal_gpio.o
    0x08001ab0   0x08001ab0   0x00000010   Code   RO         3726    i.HAL_GPIO_ReadPin  stm32f1xx_hal_gpio.o
    0x08001ac0   0x08001ac0   0x0000000c   Code   RO         3728    i.HAL_GPIO_WritePin  stm32f1xx_hal_gpio.o
    0x08001acc   0x08001acc   0x0000000c   Code   RO         3415    i.HAL_GetTick       stm32f1xx_hal.o
    0x08001ad8   0x08001ad8   0x00000018   Code   RO         3421    i.HAL_IncTick       stm32f1xx_hal.o
    0x08001af0   0x08001af0   0x00000028   Code   RO         3422    i.HAL_Init          stm32f1xx_hal.o
    0x08001b18   0x08001b18   0x00000088   Code   RO          903    i.HAL_InitTick      stm32f1xx_hal_timebase_tim.o
    0x08001ba0   0x08001ba0   0x00000060   Code   RO         1126    i.HAL_MspInit       stm32f1xx_hal_msp.o
    0x08001c00   0x08001c00   0x00000020   Code   RO         3884    i.HAL_NVIC_EnableIRQ  stm32f1xx_hal_cortex.o
    0x08001c20   0x08001c20   0x0000007c   Code   RO         3890    i.HAL_NVIC_SetPriority  stm32f1xx_hal_cortex.o
    0x08001c9c   0x08001c9c   0x00000028   Code   RO         3891    i.HAL_NVIC_SetPriorityGrouping  stm32f1xx_hal_cortex.o
    0x08001cc4   0x08001cc4   0x00000130   Code   RO         3687    i.HAL_RCCEx_PeriphCLKConfig  stm32f1xx_hal_rcc_ex.o
    0x08001df4   0x08001df4   0x0000018c   Code   RO         3579    i.HAL_RCC_ClockConfig  stm32f1xx_hal_rcc.o
    0x08001f80   0x08001f80   0x00000044   Code   RO         3583    i.HAL_RCC_GetClockConfig  stm32f1xx_hal_rcc.o
    0x08001fc4   0x08001fc4   0x0000000c   Code   RO         3584    i.HAL_RCC_GetHCLKFreq  stm32f1xx_hal_rcc.o
    0x08001fd0   0x08001fd0   0x00000020   Code   RO         3586    i.HAL_RCC_GetPCLK1Freq  stm32f1xx_hal_rcc.o
    0x08001ff0   0x08001ff0   0x00000020   Code   RO         3587    i.HAL_RCC_GetPCLK2Freq  stm32f1xx_hal_rcc.o
    0x08002010   0x08002010   0x00000094   Code   RO         3588    i.HAL_RCC_GetSysClockFreq  stm32f1xx_hal_rcc.o
    0x080020a4   0x080020a4   0x00000464   Code   RO         3591    i.HAL_RCC_OscConfig  stm32f1xx_hal_rcc.o
    0x08002508   0x08002508   0x00000088   Code   RO         4421    i.HAL_SPI_Init      stm32f1xx_hal_spi.o
    0x08002590   0x08002590   0x000000b4   Code   RO          838    i.HAL_SPI_MspInit   spi.o
    0x08002644   0x08002644   0x00000002   Code   RO         5420    i.HAL_TIMEx_BreakCallback  stm32f1xx_hal_tim_ex.o
    0x08002646   0x08002646   0x00000002   Code   RO         5421    i.HAL_TIMEx_CommutCallback  stm32f1xx_hal_tim_ex.o
    0x08002648   0x08002648   0x00000054   Code   RO         5438    i.HAL_TIMEx_MasterConfigSynchronization  stm32f1xx_hal_tim_ex.o
    0x0800269c   0x0800269c   0x00000034   Code   RO         4734    i.HAL_TIM_Base_Init  stm32f1xx_hal_tim.o
    0x080026d0   0x080026d0   0x0000002c   Code   RO          943    i.HAL_TIM_Base_MspInit  tim.o
    0x080026fc   0x080026fc   0x0000002a   Code   RO         4739    i.HAL_TIM_Base_Start_IT  stm32f1xx_hal_tim.o
    0x08002726   0x08002726   0x00000108   Code   RO         4743    i.HAL_TIM_ConfigClockSource  stm32f1xx_hal_tim.o
    0x0800282e   0x0800282e   0x00000002   Code   RO         4763    i.HAL_TIM_IC_CaptureCallback  stm32f1xx_hal_tim.o
    0x08002830   0x08002830   0x00000196   Code   RO         4777    i.HAL_TIM_IRQHandler  stm32f1xx_hal_tim.o
    0x080029c6   0x080029c6   0x00000002   PAD
    0x080029c8   0x080029c8   0x000000a0   Code   RO          944    i.HAL_TIM_MspPostInit  tim.o
    0x08002a68   0x08002a68   0x00000002   Code   RO         4780    i.HAL_TIM_OC_DelayElapsedCallback  stm32f1xx_hal_tim.o
    0x08002a6a   0x08002a6a   0x00000108   Code   RO         4801    i.HAL_TIM_PWM_ConfigChannel  stm32f1xx_hal_tim.o
    0x08002b72   0x08002b72   0x00000034   Code   RO         4804    i.HAL_TIM_PWM_Init  stm32f1xx_hal_tim.o
    0x08002ba6   0x08002ba6   0x00000002   Code   RO         4806    i.HAL_TIM_PWM_MspInit  stm32f1xx_hal_tim.o
    0x08002ba8   0x08002ba8   0x00000002   Code   RO         4807    i.HAL_TIM_PWM_PulseFinishedCallback  stm32f1xx_hal_tim.o
    0x08002baa   0x08002baa   0x00000002   PAD
    0x08002bac   0x08002bac   0x0000004c   Code   RO         4809    i.HAL_TIM_PWM_Start  stm32f1xx_hal_tim.o
    0x08002bf8   0x08002bf8   0x00000018   Code   RO          623    i.HAL_TIM_PeriodElapsedCallback  main.o
    0x08002c10   0x08002c10   0x00000002   Code   RO         4820    i.HAL_TIM_TriggerCallback  stm32f1xx_hal_tim.o
    0x08002c12   0x08002c12   0x00000002   Code   RO         5692    i.HAL_UART_ErrorCallback  stm32f1xx_hal_uart.o
    0x08002c14   0x08002c14   0x0000014c   Code   RO         5695    i.HAL_UART_IRQHandler  stm32f1xx_hal_uart.o
    0x08002d60   0x08002d60   0x00000072   Code   RO         5696    i.HAL_UART_Init     stm32f1xx_hal_uart.o
    0x08002dd2   0x08002dd2   0x00000002   PAD
    0x08002dd4   0x08002dd4   0x00000110   Code   RO          991    i.HAL_UART_MspInit  usart.o
    0x08002ee4   0x08002ee4   0x00000002   Code   RO         5702    i.HAL_UART_RxCpltCallback  stm32f1xx_hal_uart.o
    0x08002ee6   0x08002ee6   0x000000d6   Code   RO         5704    i.HAL_UART_Transmit  stm32f1xx_hal_uart.o
    0x08002fbc   0x08002fbc   0x00000002   Code   RO         5707    i.HAL_UART_TxCpltCallback  stm32f1xx_hal_uart.o
    0x08002fbe   0x08002fbe   0x00000004   Code   RO         1047    i.HardFault_Handler  stm32f1xx_it.o
    0x08002fc2   0x08002fc2   0x00000002   PAD
    0x08002fc4   0x08002fc4   0x00000040   Code   RO         2956    i.I2C_Ack           iiccom.o
    0x08003004   0x08003004   0x00000040   Code   RO         2958    i.I2C_NoAck         iiccom.o
    0x08003044   0x08003044   0x0000005c   Code   RO         2959    i.I2C_RadeByte      iiccom.o
    0x080030a0   0x080030a0   0x00000064   Code   RO         2960    i.I2C_SendByte      iiccom.o
    0x08003104   0x08003104   0x0000005c   Code   RO         2961    i.I2C_Start         iiccom.o
    0x08003160   0x08003160   0x00000040   Code   RO         2962    i.I2C_Stop          iiccom.o
    0x080031a0   0x080031a0   0x00000054   Code   RO         2963    i.I2C_WaitAck       iiccom.o
    0x080031f4   0x080031f4   0x0000000e   Code   RO         2964    i.I2C_delay         iiccom.o
    0x08003202   0x08003202   0x00000002   PAD
    0x08003204   0x08003204   0x00000020   Code   RO         2816    i.LCD_WriteData_16Bit  st7735.o
    0x08003224   0x08003224   0x0000006a   Code   RO         2817    i.Lcd_Block         st7735.o
    0x0800328e   0x0800328e   0x00000032   Code   RO         2818    i.Lcd_Clear         st7735.o
    0x080032c0   0x080032c0   0x00000274   Code   RO         2819    i.Lcd_Init          st7735.o
    0x08003534   0x08003534   0x00000056   Code   RO         2822    i.Lcd_SetRegion     st7735.o
    0x0800358a   0x0800358a   0x00000014   Code   RO         2823    i.Lcd_SetXY         st7735.o
    0x0800359e   0x0800359e   0x00000002   PAD
    0x080035a0   0x080035a0   0x00000018   Code   RO         2824    i.Lcd_WriteData     st7735.o
    0x080035b8   0x080035b8   0x00000018   Code   RO         2825    i.Lcd_WriteIndex    st7735.o
    0x080035d0   0x080035d0   0x0000002c   Code   RO         3047    i.Led_Control       beep.o
    0x080035fc   0x080035fc   0x00000128   Code   RO          344    i.Led_beep_update   blood.o
    0x08003724   0x08003724   0x0000005c   Code   RO          724    i.MX_ADC1_Init      adc.o
    0x08003780   0x08003780   0x00000034   Code   RO          764    i.MX_DMA_Init       dma.o
    0x080037b4   0x080037b4   0x00000114   Code   RO          698    i.MX_GPIO_Init      gpio.o
    0x080038c8   0x080038c8   0x00000048   Code   RO          839    i.MX_SPI2_Init      spi.o
    0x08003910   0x08003910   0x000000c0   Code   RO          945    i.MX_TIM2_Init      tim.o
    0x080039d0   0x080039d0   0x00000038   Code   RO          992    i.MX_USART1_UART_Init  usart.o
    0x08003a08   0x08003a08   0x00000038   Code   RO          993    i.MX_USART2_UART_Init  usart.o
    0x08003a40   0x08003a40   0x00000004   Code   RO         1048    i.MemManage_Handler  stm32f1xx_it.o
    0x08003a44   0x08003a44   0x00000002   Code   RO         1049    i.NMI_Handler       stm32f1xx_it.o
    0x08003a46   0x08003a46   0x00000002   PAD
    0x08003a48   0x08003a48   0x00000028   Code   RO         3592    i.RCC_Delay         stm32f1xx_hal_rcc.o
    0x08003a70   0x08003a70   0x00000040   Code   RO         2827    i.SPI_WriteData     st7735.o
    0x08003ab0   0x08003ab0   0x00000034   Code   RO         2736    i.SysTick_Handler   port.o
    0x08003ae4   0x08003ae4   0x00000084   Code   RO          624    i.SystemClock_Config  main.o
    0x08003b68   0x08003b68   0x00000058   Code   RO         6003    i.SystemInit        system_stm32f1xx.o
    0x08003bc0   0x08003bc0   0x00000014   Code   RO         1050    i.TIM4_IRQHandler   stm32f1xx_it.o
    0x08003bd4   0x08003bd4   0x00000074   Code   RO         4822    i.TIM_Base_SetConfig  stm32f1xx_hal_tim.o
    0x08003c48   0x08003c48   0x00000022   Code   RO         4823    i.TIM_CCxChannelCmd  stm32f1xx_hal_tim.o
    0x08003c6a   0x08003c6a   0x00000016   Code   RO         4833    i.TIM_ETR_SetConfig  stm32f1xx_hal_tim.o
    0x08003c80   0x08003c80   0x00000012   Code   RO         4834    i.TIM_ITRx_SetConfig  stm32f1xx_hal_tim.o
    0x08003c92   0x08003c92   0x00000002   PAD
    0x08003c94   0x08003c94   0x00000060   Code   RO         4835    i.TIM_OC1_SetConfig  stm32f1xx_hal_tim.o
    0x08003cf4   0x08003cf4   0x00000068   Code   RO         4836    i.TIM_OC2_SetConfig  stm32f1xx_hal_tim.o
    0x08003d5c   0x08003d5c   0x00000068   Code   RO         4837    i.TIM_OC3_SetConfig  stm32f1xx_hal_tim.o
    0x08003dc4   0x08003dc4   0x00000048   Code   RO         4838    i.TIM_OC4_SetConfig  stm32f1xx_hal_tim.o
    0x08003e0c   0x08003e0c   0x00000026   Code   RO         4840    i.TIM_TI1_ConfigInputStage  stm32f1xx_hal_tim.o
    0x08003e32   0x08003e32   0x00000028   Code   RO         4842    i.TIM_TI2_ConfigInputStage  stm32f1xx_hal_tim.o
    0x08003e5a   0x08003e5a   0x00000014   Code   RO         5709    i.UART_DMAAbortOnError  stm32f1xx_hal_uart.o
    0x08003e6e   0x08003e6e   0x00000020   Code   RO         5719    i.UART_EndRxTransfer  stm32f1xx_hal_uart.o
    0x08003e8e   0x08003e8e   0x00000020   Code   RO         5720    i.UART_EndTransmit_IT  stm32f1xx_hal_uart.o
    0x08003eae   0x08003eae   0x000000a6   Code   RO         5722    i.UART_Receive_IT   stm32f1xx_hal_uart.o
    0x08003f54   0x08003f54   0x000001a0   Code   RO         5723    i.UART_SetConfig    stm32f1xx_hal_uart.o
    0x080040f4   0x080040f4   0x00000068   Code   RO         5724    i.UART_Transmit_IT  stm32f1xx_hal_uart.o
    0x0800415c   0x0800415c   0x0000006c   Code   RO         5725    i.UART_WaitOnFlagUntilTimeout  stm32f1xx_hal_uart.o
    0x080041c8   0x080041c8   0x00000010   Code   RO         1051    i.USART1_IRQHandler  stm32f1xx_it.o
    0x080041d8   0x080041d8   0x00000010   Code   RO         1052    i.USART2_IRQHandler  stm32f1xx_it.o
    0x080041e8   0x080041e8   0x00000004   Code   RO         1053    i.UsageFault_Handler  stm32f1xx_it.o
    0x080041ec   0x080041ec   0x00000008   Code   RO           13    i.User_Interrupt    user_main.o
    0x080041f4   0x080041f4   0x00000008   Code   RO           14    i.User_Loop         user_main.o
    0x080041fc   0x080041fc   0x0000003c   Code   RO           15    i.User_Setup        user_main.o
    0x08004238   0x08004238   0x00000028   Code   RO          263    i.XCos              algorithm.o
    0x08004260   0x08004260   0x00000210   Code   RO          264    i.XSin              algorithm.o
    0x08004470   0x08004470   0x00000020   Code   RO         6290    i.__0printf         mc_w.l(printfa.o)
    0x08004490   0x08004490   0x00000028   Code   RO         6292    i.__0sprintf        mc_w.l(printfa.o)
    0x080044b8   0x080044b8   0x00000010   Code   RO         3897    i.__NVIC_GetPriorityGrouping  stm32f1xx_hal_cortex.o
    0x080044c8   0x080044c8   0x00000028   Code   RO         3898    i.__NVIC_SetPriority  stm32f1xx_hal_cortex.o
    0x080044f0   0x080044f0   0x0000000e   Code   RO         6397    i.__scatterload_copy  mc_w.l(handlers.o)
    0x080044fe   0x080044fe   0x00000002   Code   RO         6398    i.__scatterload_null  mc_w.l(handlers.o)
    0x08004500   0x08004500   0x0000000e   Code   RO         6399    i.__scatterload_zeroinit  mc_w.l(handlers.o)
    0x0800450e   0x0800450e   0x00000002   PAD
    0x08004510   0x08004510   0x0000000c   Code   RO         6379    i.__set_errno       mc_w.l(errno.o)
    0x0800451c   0x0800451c   0x00000184   Code   RO         6297    i._fp_digits        mc_w.l(printfa.o)
    0x080046a0   0x080046a0   0x000006dc   Code   RO         6298    i._printf_core      mc_w.l(printfa.o)
    0x08004d7c   0x08004d7c   0x00000024   Code   RO         6299    i._printf_post_padding  mc_w.l(printfa.o)
    0x08004da0   0x08004da0   0x0000002e   Code   RO         6300    i._printf_pre_padding  mc_w.l(printfa.o)
    0x08004dce   0x08004dce   0x0000000a   Code   RO         6302    i._sputc            mc_w.l(printfa.o)
    0x08004dd8   0x08004dd8   0x00000040   Code   RO          345    i.blood_Interrupt   blood.o
    0x08004e18   0x08004e18   0x00000014   Code   RO          346    i.blood_Loop        blood.o
    0x08004e2c   0x08004e2c   0x00000020   Code   RO          347    i.blood_Setup       blood.o
    0x08004e4c   0x08004e4c   0x00000230   Code   RO          348    i.blood_data_translate  blood.o
    0x0800507c   0x0800507c   0x000000b8   Code   RO          349    i.blood_data_update  blood.o
    0x08005134   0x08005134   0x000001a8   Code   RO          350    i.blood_wave_update  blood.o
    0x080052dc   0x080052dc   0x00000048   Code   RO          266    i.dc_filter         algorithm.o
    0x08005324   0x08005324   0x00000024   Code   RO          471    i.delay_us          ds18b20.o
    0x08005348   0x08005348   0x00000032   Code   RO          267    i.find_max_num_index  algorithm.o
    0x0800537a   0x0800537a   0x00000002   PAD
    0x0800537c   0x0800537c   0x00000020   Code   RO          994    i.fputc             usart.o
    0x0800539c   0x0800539c   0x00000074   Code   RO          192    i.gui_draw_Block    gui.o
    0x08005410   0x08005410   0x0000004a   Code   RO          193    i.gui_draw_square   gui.o
    0x0800545a   0x0800545a   0x00000030   Code   RO          625    i.main              main.o
    0x0800548a   0x0800548a   0x00000050   Code   RO         2911    i.max30100_Bus_Read  max30100.o
    0x080054da   0x080054da   0x00000044   Code   RO         2912    i.max30100_Bus_Write  max30100.o
    0x0800551e   0x0800551e   0x000000a0   Code   RO         2913    i.max30100_FIFO_Read  max30100.o
    0x080055be   0x080055be   0x00000044   Code   RO         2914    i.max30100_init     max30100.o
    0x08005602   0x08005602   0x0000004c   Code   RO          268    i.my_floor          algorithm.o
    0x0800564e   0x0800564e   0x00000098   Code   RO          269    i.my_fmod           algorithm.o
    0x080056e6   0x080056e6   0x00000002   PAD
    0x080056e8   0x080056e8   0x00000034   Code   RO         1733    i.prvResetNextTaskUnblockTime  tasks.o
    0x0800571c   0x0800571c   0x0000001c   Code   RO         3048    i.set_pwm_value     beep.o
    0x08005738   0x08005738   0x00000028   Code   RO         3049    i.settone           beep.o
    0x08005760   0x08005760   0x0000002c   Code   RO         6037    i.sqrtf             m_ws.l(sqrtf.o)
    0x0800578c   0x0800578c   0x00000038   Code   RO          351    i.tft_display_update  blood.o
    0x080057c4   0x080057c4   0x00000064   Code   RO          352    i.tft_draw_State    blood.o
    0x08005828   0x08005828   0x0000003e   Code   RO          353    i.tft_draw_frame    blood.o
    0x08005866   0x08005866   0x00000002   PAD
    0x08005868   0x08005868   0x0000009c   Code   RO          354    i.tft_draw_hrsp     blood.o
    0x08005904   0x08005904   0x00000084   Code   RO          355    i.tft_draw_wave     blood.o
    0x08005988   0x08005988   0x000000b4   Code   RO          356    i.tft_draw_wave_line  blood.o
    0x08005a3c   0x08005a3c   0x00000108   Code   RO          357    i.tft_draw_windows  blood.o
    0x08005b44   0x08005b44   0x00000028   Code   RO         1278    i.uxListRemove      list.o
    0x08005b6c   0x08005b6c   0x00000018   Code   RO         1282    i.vListInsertEnd    list.o
    0x08005b84   0x08005b84   0x00000090   Code   RO         1765    i.vTaskSwitchContext  tasks.o
    0x08005c14   0x08005c14   0x00000144   Code   RO         1775    i.xTaskIncrementTick  tasks.o
    0x08005d58   0x08005d58   0x00000d72   Data   RO          194    .constdata          gui.o
    0x08006aca   0x08006aca   0x00000006   PAD
    0x08006ad0   0x08006ad0   0x00000328   Data   RO          271    .constdata          algorithm.o
    0x08006df8   0x08006df8   0x0000002a   Data   RO         3050    .constdata          beep.o
    0x08006e22   0x08006e22   0x00000018   Data   RO         6004    .constdata          system_stm32f1xx.o
    0x08006e3a   0x08006e3a   0x00000002   PAD
    0x08006e3c   0x08006e3c   0x00000020   Data   RO         6395    Region$$Table       anon$$obj.o


    Execution Region RW_IRAM1 (Exec base: 0x20000000, Load base: 0x08006e5c, Size: 0x00004c30, Max: 0x00005000, ABSOLUTE)

    Exec Addr    Load Addr    Size         Type   Attr      Idx    E Section Name        Object

    0x20000000   0x08006e5c   0x0000001e   Data   RW          360    .data               blood.o
    0x2000001e   0x08006e7a   0x00000002   PAD
    0x20000020   0x08006e7c   0x0000003c   Data   RW         1784    .data               tasks.o
    0x2000005c   0x08006eb8   0x00000002   Data   RW         3051    .data               beep.o
    0x2000005e   0x08006eba   0x00000002   PAD
    0x20000060   0x08006ebc   0x00000009   Data   RW         3429    .data               stm32f1xx_hal.o
    0x20000069   0x08006ec5   0x00000003   PAD
    0x2000006c   0x08006ec8   0x00000004   Data   RW         6005    .data               system_stm32f1xx.o
    0x20000070   0x08006ecc   0x00000004   Data   RW         6368    .data               mc_w.l(stdout.o)
    0x20000074   0x08006ed0   0x00000004   Data   RW         6380    .data               mc_w.l(errno.o)
    0x20000078        -       0x00004124   Zero   RW          359    .bss                blood.o
    0x2000419c        -       0x00000030   Zero   RW          725    .bss                adc.o
    0x200041cc        -       0x0000009c   Zero   RW          840    .bss                spi.o
    0x20004268        -       0x00000040   Zero   RW          906    .bss                stm32f1xx_hal_timebase_tim.o
    0x200042a8        -       0x00000040   Zero   RW          946    .bss                tim.o
    0x200042e8        -       0x00000080   Zero   RW          995    .bss                usart.o
    0x20004368        -       0x000004c4   Zero   RW         1783    .bss                tasks.o
    0x2000482c   0x08006ed4   0x00000004   PAD
    0x20004830        -       0x00000400   Zero   RW            1    STACK               startup_stm32f103xb.o


==============================================================================

Image component sizes


      Code (inc. data)   RO Data    RW Data    ZI Data      Debug   Object Name

       204         24          0          0         48       1829   adc.o
      1390         66        808          0          0       7083   algorithm.o
       156         36         42          2          0       2917   beep.o
      2530        280          0         30      16676      10057   blood.o
        52          4          0          0          0        834   dma.o
       698         70          0          0          0       5803   ds18b20.o
         0          0          0          0          0      17880   event_groups.o
         0          0          0          0          0       2688   freertos.o
       276         16          0          0          0       1107   gpio.o
       544          6       3442          0          0       4652   gui.o
       574         34          0          0          0       4533   iiccom.o
        64          0          0          0          0       1800   list.o
       208          6          0          0          0       7316   main.o
       376          0          0          0          0       2906   max30100.o
       202         18          0          0          0       3682   port.o
       252         30          0          0        156       1882   spi.o
      1076         28          0          0          0       7258   st7735.o
        36          8        236          0       1024        836   startup_stm32f103xb.o
       116         24          0          9          0       5570   stm32f1xx_hal.o
       758         24          0          0          0       3292   stm32f1xx_hal_adc.o
       252         22          0          0          0      28942   stm32f1xx_hal_cortex.o
       692         12          0          0          0       2827   stm32f1xx_hal_dma.o
       828         34          0          0          0       3495   stm32f1xx_hal_gpio.o
        96         10          0          0          0        986   stm32f1xx_hal_msp.o
      1852        120          0          0          0       7033   stm32f1xx_hal_rcc.o
       304         14          0          0          0       1488   stm32f1xx_hal_rcc_ex.o
       136          0          0          0          0       1199   stm32f1xx_hal_spi.o
      1810         36          0          0          0      16280   stm32f1xx_hal_tim.o
        88          0          0          0          0       2537   stm32f1xx_hal_tim_ex.o
       136         18          0          0         64       1599   stm32f1xx_hal_timebase_tim.o
      1544         10          0          0          0       9899   stm32f1xx_hal_uart.o
        88         24          0          0          0       4934   stm32f1xx_it.o
        88         18         24          4          0       1315   system_stm32f1xx.o
       520         76          0         60       1220       6677   tasks.o
       396         24          0          0         64       2676   tim.o
       416         44          0          0        128       3195   usart.o
        76          6          0          0          0     447890   user_main.o

    ----------------------------------------------------------------------
     18864       1142       4592        112      19384     636897   Object Totals
         0          0         32          0          0          0   (incl. Generated)
        30          0          8          7          4          0   (incl. Padding)

    ----------------------------------------------------------------------

      Code (inc. data)   RO Data    RW Data    ZI Data      Debug   Library Member Name

        44          0          0          0          0         80   sqrtf.o
         0          0          0          0          0          0   entry.o
         0          0          0          0          0          0   entry10a.o
         0          0          0          0          0          0   entry11a.o
         8          4          0          0          0          0   entry2.o
         4          0          0          0          0          0   entry5.o
         0          0          0          0          0          0   entry7b.o
         0          0          0          0          0          0   entry8b.o
         8          4          0          0          0          0   entry9a.o
        12          6          0          4          0         68   errno.o
        30          0          0          0          0          0   handlers.o
        36          8          0          0          0         68   init.o
         0          0          0          0          0          0   iusefp.o
        30          0          0          0          0         68   llshl.o
        36          0          0          0          0         68   llsshr.o
        32          0          0          0          0         68   llushr.o
        36          0          0          0          0        108   memseta.o
      2308         96          0          0          0        604   printfa.o
         0          0          0          4          0          0   stdout.o
        44          0          0          0          0         80   uidiv.o
        98          0          0          0          0         92   uldiv.o
        48          0          0          0          0         68   cdcmple.o
        48          0          0          0          0         68   cdrcmple.o
        20          0          0          0          0         68   cfcmple.o
        20          0          0          0          0         68   cfrcmple.o
        56          0          0          0          0         88   d2f.o
       334          0          0          0          0        148   dadd.o
       222          0          0          0          0        100   ddiv.o
       186          0          0          0          0        176   depilogue.o
        62          0          0          0          0         80   dfixi.o
        48          0          0          0          0         68   dfixul.o
        34          0          0          0          0         76   dflti.o
       228          0          0          0          0         96   dmul.o
        38          0          0          0          0         68   f2d.o
       176          0          0          0          0        140   fadd.o
       124          0          0          0          0         88   fdiv.o
       110          0          0          0          0        168   fepilogue.o
        50          0          0          0          0         68   ffixi.o
        40          0          0          0          0         68   ffixui.o
        18          0          0          0          0         68   fflti.o
        10          0          0          0          0         68   ffltui.o
       100          0          0          0          0         76   fmul.o
        94          0          0          0          0         96   fsqrt.o

    ----------------------------------------------------------------------
      4796        118          0          8          0       3316   Library Totals
         4          0          0          0          0          0   (incl. Padding)

    ----------------------------------------------------------------------

      Code (inc. data)   RO Data    RW Data    ZI Data      Debug   Library Name

        44          0          0          0          0         80   m_ws.l
      2682        118          0          8          0       1224   mc_w.l
      2066          0          0          0          0       2012   mf_w.l

    ----------------------------------------------------------------------
      4796        118          0          8          0       3316   Library Totals

    ----------------------------------------------------------------------

==============================================================================


      Code (inc. data)   RO Data    RW Data    ZI Data      Debug   

     23660       1260       4592        120      19384     630069   Grand Totals
     23660       1260       4592        120      19384     630069   ELF Image Totals
     23660       1260       4592        120          0          0   ROM Totals

==============================================================================

    Total RO  Size (Code + RO Data)                28252 (  27.59kB)
    Total RW  Size (RW Data + ZI Data)             19504 (  19.05kB)
    Total ROM Size (Code + RO Data + RW Data)      28372 (  27.71kB)

==============================================================================

